
> ilsa-web@0.0.1 build D:\.dev\ilsa-web
> astro build

[2m01:20:44[22m [34m[@astrojs/cloudflare][39m Enabling sessions with Cloudflare KV with the "SESSION" KV binding.
[2m01:20:44[22m [34m[@astrojs/cloudflare][39m If you see the error "Invalid binding `SESSION`" in your build output, you need to add the binding to your wrangler config file.
[2m01:20:44[22m [34m[vite][39m Re-optimizing dependencies because lockfile has changed
[2m01:20:44[22m [34m[content][39m Syncing content
[2m01:20:44[22m [34m[content][39m Synced content
[2m01:20:44[22m [34m[types][39m Generated [2m218ms[22m
[2m01:20:44[22m [34m[build][39m output: [34m"server"[39m
[2m01:20:44[22m [34m[build][39m mode: [34m"server"[39m
[2m01:20:44[22m [34m[build][39m directory: [34mD:\.dev\ilsa-web\dist\[39m
[2m01:20:44[22m [34m[build][39m adapter: [32m@astrojs/cloudflare[39m
[2m01:20:44[22m [34m[build][39m Collecting build info...
[2m01:20:44[22m [34m[build][39m [32mΓ£ô Completed in 260ms.[39m
[2m01:20:45[22m [34m[build][39m Building server entrypoints...
[33m[1m01:20:50[22m [WARN] [vite][39m [33mnode_modules/astro/dist/assets/fonts/runtime.js (2:26): "fontData" is not exported by " virtual:astro:assets/fonts/internal", imported by "node_modules/astro/dist/assets/fonts/runtime.js".[39m
[2m01:20:52[22m [34m[vite][39m [32mΓ£ô built in 7.35s[39m
[2m01:20:52[22m [34m[build][39m [32mΓ£ô Completed in 7.40s.[39m

[42m[30m building client (vite) [39m[49m
[2m01:20:52[22m [34m[vite][39m transforming...
[2m01:21:00[22m [34m[vite][39m [32mΓ£ô[39m 2342 modules transformed.
[2m01:21:00[22m [34m[vite][39m rendering chunks...
[2m01:21:01[22m [34m[vite][39m computing gzip size...
[2m01:21:01[22m [34m[vite][39m [2mdist/[22m[35m_astro/HomeHero.Co7CLm5x.css                                          [39m[1m[2m 10.40 kB[22m[1m[22m[2m Γöé gzip:   2.18 kB[22m
[2m01:21:01[22m [34m[vite][39m [2mdist/[22m[36m_astro/_commonjsHelpers.D6Sg7-g5.js                                   [39m[1m[2m  0.72 kB[22m[1m[22m[2m Γöé gzip:   0.39 kB[22m
[2m01:21:01[22m [34m[vite][39m [2mdist/[22m[36m_astro/jsx-runtime.CCkImPv-.js                                        [39m[1m[2m  1.33 kB[22m[1m[22m[2m Γöé gzip:   0.70 kB[22m
[2m01:21:01[22m [34m[vite][39m [2mdist/[22m[36m_astro/index.DVp8Ca1N.js                                              [39m[1m[2m  4.45 kB[22m[1m[22m[2m Γöé gzip:   1.94 kB[22m
[2m01:21:01[22m [34m[vite][39m [2mdist/[22m[36m_astro/ProgressBar.astro_astro_type_script_index_0_lang.SbAVTLKz.js   [39m[1m[2m  5.19 kB[22m[1m[22m[2m Γöé gzip:   2.18 kB[22m
[2m01:21:01[22m [34m[vite][39m [2mdist/[22m[36m_astro/index.BL-RuZUH.js                                              [39m[1m[2m  8.53 kB[22m[1m[22m[2m Γöé gzip:   3.33 kB[22m
[2m01:21:01[22m [34m[vite][39m [2mdist/[22m[36m_astro/AudioPlayer.CSg8uVeg.js                                        [39m[1m[2m 10.10 kB[22m[1m[22m[2m Γöé gzip:   3.17 kB[22m
[2m01:21:01[22m [34m[vite][39m [2mdist/[22m[36m_astro/Button.astro_astro_type_script_index_0_lang.KP5SNVs7.js        [39m[1m[2m 11.24 kB[22m[1m[22m[2m Γöé gzip:   4.49 kB[22m
[2m01:21:01[22m [34m[vite][39m [2mdist/[22m[36m_astro/ClientRouter.astro_astro_type_script_index_0_lang.DVLL5wQj.js  [39m[1m[2m 15.97 kB[22m[1m[22m[2m Γöé gzip:   5.49 kB[22m
[2m01:21:01[22m [34m[vite][39m [2mdist/[22m[36m_astro/EasterEggManager.-1x7ZnyX.js                                   [39m[1m[2m 17.87 kB[22m[1m[22m[2m Γöé gzip:   5.96 kB[22m
[2m01:21:01[22m [34m[vite][39m [2mdist/[22m[36m_astro/HomeHero.astro_astro_type_script_index_0_lang.Dl23c6Mn.js      [39m[1m[2m 89.54 kB[22m[1m[22m[2m Γöé gzip:  27.43 kB[22m
[2m01:21:01[22m [34m[vite][39m [2mdist/[22m[36m_astro/client.CH4B6rQP.js                                             [39m[1m[2m183.27 kB[22m[1m[22m[2m Γöé gzip:  57.41 kB[22m
[2m01:21:01[22m [34m[vite][39m [2mdist/[22m[36m_astro/Liquid3D.D7lHOpNf.js                                           [39m[1m[33m949.36 kB[39m[22m[2m Γöé gzip: 261.75 kB[22m
[33m[1m01:21:01[22m [WARN] [vite][39m [33m
(!) Some chunks are larger than 500 kB after minification. Consider:
- Using dynamic import() to code-split the application
- Use build.rollupOptions.output.manualChunks to improve chunking: https://rollupjs.org/configuration-options/#output-manualchunks
- Adjust chunk size limit for this warning via build.chunkSizeWarningLimit.[39m
[2m01:21:01[22m [34m[vite][39m [32mΓ£ô built in 8.66s[39m

[42m[30m prerendering static routes [39m[49m
[2m01:21:01[22m [32mΓû╢[39m src/pages/actividades/[slug].astro
[2m01:21:01[22m   [34mΓö£ΓöÇ[39m [2m/actividades/seminario-permanente-1/index.html[22m [2m(+63ms)[22m 
[2m01:21:01[22m   [34mΓö£ΓöÇ[39m [2m/actividades/informe-desc-colombia-enfoque-genero/index.html[22m [2m(+10ms)[22m 
[2m01:21:01[22m   [34mΓö£ΓöÇ[39m [2m/actividades/naturaleza-con-derechos/index.html[22m [2m(+9ms)[22m 
[2m01:21:01[22m   [34mΓö£ΓöÇ[39m [2m/actividades/i-escuela-de-justicia-ambiental-sesion-iv/index.html[22m [2m(+8ms)[22m 
[2m01:21:01[22m   [34mΓö£ΓöÇ[39m [2m/actividades/como-utilizar-monitoreo/index.html[22m [2m(+12ms)[22m 
[2m01:21:01[22m   [34mΓö£ΓöÇ[39m [2m/actividades/convocatoria-pubilica-2-foro-ambiental/index.html[22m [2m(+7ms)[22m 
[2m01:21:01[22m   [34mΓö£ΓöÇ[39m [2m/actividades/foro-la-jurisdiccion-agraria-y-rural-avances-y-desafios-en-el-camino-hacia-su-implementacion/index.html[22m [2m(+16ms)[22m 
[2m01:21:01[22m   [34mΓö£ΓöÇ[39m [2m/actividades/webinario-presentacion-de-la-revista-el-otro-derecho-52/index.html[22m [2m(+10ms)[22m 
[2m01:21:01[22m   [34mΓö£ΓöÇ[39m [2m/actividades/primera-feria-de-emprendimientos-feministas/index.html[22m [2m(+11ms)[22m 
[2m01:21:01[22m   [34mΓö£ΓöÇ[39m [2m/actividades/primera-catedra-abirta-en-la-candelaria/index.html[22m [2m(+7ms)[22m 
[2m01:21:01[22m   [34mΓö£ΓöÇ[39m [2m/actividades/unetea-la-pinta-del-mural/index.html[22m [2m(+7ms)[22m 
[2m01:21:01[22m   [34mΓö£ΓöÇ[39m [2m/actividades/24361/index.html[22m [2m(+6ms)[22m 
[2m01:21:01[22m   [34mΓö£ΓöÇ[39m [2m/actividades/movilizacion-catatumbo-mujeres-paz/index.html[22m [2m(+7ms)[22m 
[2m01:21:01[22m   [34mΓö£ΓöÇ[39m [2m/actividades/i-congreso-internacionalde-critica-del-derecho/index.html[22m [2m(+6ms)[22m 
[2m01:21:01[22m   [34mΓö£ΓöÇ[39m [2m/actividades/encuentro-de-mujeres-voces-en-movimiento-2/index.html[22m [2m(+6ms)[22m 
[2m01:21:01[22m   [34mΓö£ΓöÇ[39m [2m/actividades/el-derecho-humano-de-acceso-a-la-justicia/index.html[22m [2m(+5ms)[22m 
[2m01:21:01[22m   [34mΓö£ΓöÇ[39m [2m/actividades/informe-de-velez/index.html[22m [2m(+6ms)[22m 
[2m01:21:01[22m   [34mΓö£ΓöÇ[39m [2m/actividades/hacia-las-agendas-de-paz-abordando-los-conflictos-ambientales-en-el-bajo-atrato/index.html[22m [2m(+8ms)[22m 
[2m01:21:01[22m   [34mΓö£ΓöÇ[39m [2m/actividades/abriendo-camino-la-contribucion-de-colombia-al-desarrollo-de-la-justicia-transicional-y-al-derecho-internacional-en-el-marco-de-la-lucha-contra-la-impunidad/index.html[22m [2m(+6ms)[22m 
[2m01:21:01[22m   [34mΓö£ΓöÇ[39m [2m/actividades/tercer-congreso-internacional-derecho-agrario-ambiental-y-constitucional/index.html[22m [2m(+5ms)[22m 
[2m01:21:01[22m   [34mΓö£ΓöÇ[39m [2m/actividades/las-experiencias-de-defensas-del-territorio-critica-a-la-formacion-juridica-abogacia-popular-y-acceso-a-la-justicia/index.html[22m [2m(+5ms)[22m 
[2m01:21:01[22m   [34mΓö£ΓöÇ[39m [2m/actividades/documental-por-cielo-y-tierra/index.html[22m [2m(+5ms)[22m 
[2m01:21:01[22m   [34mΓö£ΓöÇ[39m [2m/actividades/foro-ambiental-moniquira-boyaca/index.html[22m [2m(+10ms)[22m 
[2m01:21:01[22m   [34mΓö£ΓöÇ[39m [2m/actividades/construir-terna-para-la-defensoria-del-pueblo/index.html[22m [2m(+6ms)[22m 
[2m01:21:01[22m   [34mΓö£ΓöÇ[39m [2m/actividades/dia-internacional-para-la-eliminacion-de-la-violencia-sexualen-los-conflictos/index.html[22m [2m(+5ms)[22m 
[2m01:21:01[22m   [34mΓö£ΓöÇ[39m [2m/actividades/estado-derechos-humanos-y-pensamientos-juridicos-criticos-en-nuestra-america/index.html[22m [2m(+8ms)[22m 
[2m01:21:01[22m   [34mΓö£ΓöÇ[39m [2m/actividades/una-busqueda-incesante-derecho-y-estado-en-el-pensamiento-marxista/index.html[22m [2m(+6ms)[22m 
[2m01:21:01[22m   [34mΓö£ΓöÇ[39m [2m/actividades/narrativas-feministas/index.html[22m [2m(+6ms)[22m 
[2m01:21:01[22m   [34mΓö£ΓöÇ[39m [2m/actividades/foro-virtual-para-ctp/index.html[22m [2m(+5ms)[22m 
[2m01:21:01[22m   [34mΓö£ΓöÇ[39m [2m/actividades/encuentroscomunitariospara-laincidenciaregion-ariari/index.html[22m [2m(+7ms)[22m 
[2m01:21:01[22m   [34mΓö£ΓöÇ[39m [2m/actividades/conversatorio-el-consejo-debate-el-pdm-que-debe-hacer-la-ciudadania-para-incidir/index.html[22m [2m(+5ms)[22m 
[2m01:21:01[22m   [34mΓö£ΓöÇ[39m [2m/actividades/encuentro-de-mujeres-boyacenses-2024/index.html[22m [2m(+8ms)[22m 
[2m01:21:01[22m   [34mΓö£ΓöÇ[39m [2m/actividades/encuentro-de-mujeres-voces-en-movimiento/index.html[22m [2m(+5ms)[22m 
[2m01:21:01[22m   [34mΓö£ΓöÇ[39m [2m/actividades/encuentros-comunitarios-para-la-incidencia-region-pisba/index.html[22m [2m(+5ms)[22m 
[2m01:21:01[22m   [34mΓö£ΓöÇ[39m [2m/actividades/haciendo-conversa-con-mujeres-en-la-ciencia/index.html[22m [2m(+5ms)[22m 
[2m01:21:01[22m   [34mΓö£ΓöÇ[39m [2m/actividades/dia-internacional-de-las-mujeres-y-las-nina-en-la-ciencia/index.html[22m [2m(+5ms)[22m 
[2m01:21:01[22m   [34mΓö£ΓöÇ[39m [2m/actividades/dia-internacional-contra-la-mutilacion-genital-femenina/index.html[22m [2m(+6ms)[22m 
[2m01:21:01[22m   [34mΓö£ΓöÇ[39m [2m/actividades/dia-educacion-ambiental/index.html[22m [2m(+5ms)[22m 
[2m01:21:01[22m   [34mΓö£ΓöÇ[39m [2m/actividades/dia-mundial-de-los-humedales/index.html[22m [2m(+5ms)[22m 
[2m01:21:01[22m   [34mΓö£ΓöÇ[39m [2m/actividades/hilando-saberes-para-dignificar-nuestras-busquedas/index.html[22m [2m(+6ms)[22m 
[2m01:21:01[22m   [34mΓö£ΓöÇ[39m [2m/actividades/audiencia-pubica-sobre-el-estatuto-de-la-igualdad/index.html[22m [2m(+5ms)[22m 
[2m01:21:01[22m   [34mΓö£ΓöÇ[39m [2m/actividades/sintonizate-con-la-paz-defensa-y-proteccion-de-los-dd-hh-integrales/index.html[22m [2m(+6ms)[22m 
[2m01:21:01[22m   [34mΓö£ΓöÇ[39m [2m/actividades/ei-territorio-se-construye-con-las-voces-de-las-mujeres/index.html[22m [2m(+4ms)[22m 
[2m01:21:01[22m   [34mΓö£ΓöÇ[39m [2m/actividades/foro-programatico-con-candidatos-y-candidatas-a-la-alcaldia-2024-2027/index.html[22m [2m(+6ms)[22m 
[2m01:21:01[22m   [34mΓö£ΓöÇ[39m [2m/actividades/foro-candidatos-a-la-alcaldia-de-velez/index.html[22m [2m(+6ms)[22m 
[2m01:21:01[22m   [34mΓö£ΓöÇ[39m [2m/actividades/trabajo-agricola-asalariado/index.html[22m [2m(+8ms)[22m 
[2m01:21:01[22m   [34mΓö£ΓöÇ[39m [2m/actividades/x-coloquio-latinoamericano-y-caribeno-de-educacion-en-ddhh/index.html[22m [2m(+6ms)[22m 
[2m01:21:01[22m   [34mΓö£ΓöÇ[39m [2m/actividades/pensar-el-derecho/index.html[22m [2m(+5ms)[22m 
[2m01:21:01[22m   [34mΓö£ΓöÇ[39m [2m/actividades/ei-estado-del-acceso-a-la-justicia-y-elderecho-hoy-en-colombia/index.html[22m [2m(+5ms)[22m 
[2m01:21:01[22m   [34mΓö£ΓöÇ[39m [2m/actividades/hacia-una-propuesta-dered-colombiana-deabogacia-popular-y-empoderamiento-juridico/index.html[22m [2m(+4ms)[22m 
[2m01:21:01[22m   [34mΓö£ΓöÇ[39m [2m/actividades/conversatorio-teoria-practica-juridica-critica-hoy-en-colombia/index.html[22m [2m(+5ms)[22m 
[2m01:21:01[22m   [34mΓö£ΓöÇ[39m [2m/actividades/vii-seminario-internacional-de-derecho-constitucional-y-teoria-juridica/index.html[22m [2m(+5ms)[22m 
[2m01:21:01[22m   [34mΓö£ΓöÇ[39m [2m/actividades/conversatorio-pensar-el-derecho-metodologias-y-elementos-epistemologicos/index.html[22m [2m(+5ms)[22m 
[2m01:21:01[22m   [34mΓö£ΓöÇ[39m [2m/actividades/xiii-encuentro-polifonico-mujeres-y-paz-los-saberes-de-la-paz/index.html[22m [2m(+5ms)[22m 
[2m01:21:01[22m   [34mΓö£ΓöÇ[39m [2m/actividades/viii-encuentro-nacional-de-mujeres-por-la-paz/index.html[22m [2m(+5ms)[22m 
[2m01:21:01[22m   [34mΓö£ΓöÇ[39m [2m/actividades/festival-de-memorias-y-saberes/index.html[22m [2m(+4ms)[22m 
[2m01:21:01[22m   [34mΓö£ΓöÇ[39m [2m/actividades/circulo-de-la-palabra-construyendo-agenda-para-el-buen-vivir-de-las-mujeres-y-sus-territorios/index.html[22m [2m(+6ms)[22m 
[2m01:21:01[22m   [34mΓö£ΓöÇ[39m [2m/actividades/diplomado-buen-gobierno-instituciones-democraticas-y-politica-electoral/index.html[22m [2m(+11ms)[22m 
[2m01:21:01[22m   [34mΓö£ΓöÇ[39m [2m/actividades/tejiendo-redes-y-autonomia-economica/index.html[22m [2m(+5ms)[22m 
[2m01:21:01[22m   [34mΓö£ΓöÇ[39m [2m/actividades/campesinado-tierras-y-reforma-agraria-en-el-plan-nacional-de-desarrollo/index.html[22m [2m(+9ms)[22m 
[2m01:21:01[22m   [34mΓö£ΓöÇ[39m [2m/actividades/la-verdad-nos-dara-la-paz/index.html[22m [2m(+10ms)[22m 
[2m01:21:01[22m   [34mΓö£ΓöÇ[39m [2m/actividades/voces-en-movimiento-conmemoracion-dia-de-la-mujer/index.html[22m [2m(+7ms)[22m 
[2m01:21:01[22m   [34mΓö£ΓöÇ[39m [2m/actividades/no-estoy-sola-homenaje-a-las-lideresas-muertas/index.html[22m [2m(+6ms)[22m 
[2m01:21:01[22m   [34mΓö£ΓöÇ[39m [2m/actividades/en-que-va-el-programa-nacional-integral-de-sustitucion-de-cultivos-de-uso-ilicito/index.html[22m [2m(+5ms)[22m 
[2m01:21:01[22m   [34mΓö£ΓöÇ[39m [2m/actividades/el-cuarto-mosquetero-invitado-edwin-de-los-rios/index.html[22m [2m(+5ms)[22m 
[2m01:21:01[22m   [34mΓö£ΓöÇ[39m [2m/actividades/multiculturalismo-e-interculturalidad-en-el-contexto-internacional/index.html[22m [2m(+4ms)[22m 
[2m01:21:01[22m   [34mΓö£ΓöÇ[39m [2m/actividades/el-viverismo-una-apuesta-para-la-defensa-del-territorio/index.html[22m [2m(+6ms)[22m 
[2m01:21:01[22m   [34mΓö£ΓöÇ[39m [2m/actividades/america-latina-acompana-las-calles-de-colombia/index.html[22m [2m(+5ms)[22m 
[2m01:21:01[22m   [34mΓö£ΓöÇ[39m [2m/actividades/colombia-sin-cesura-la-voz-de-sus-protagonistas/index.html[22m [2m(+5ms)[22m 
[2m01:21:01[22m   [34mΓö£ΓöÇ[39m [2m/actividades/taller-de-cierre-diplamado-antecedentes-y-mecanismo-de-acceso-a-la-jep/index.html[22m [2m(+5ms)[22m 
[2m01:21:01[22m   [34mΓö£ΓöÇ[39m [2m/actividades/el-sistema-de-salud-que-merece-colombia/index.html[22m [2m(+5ms)[22m 
[2m01:21:01[22m   [34mΓö£ΓöÇ[39m [2m/actividades/presentacion-drecho-y-liberacion/index.html[22m [2m(+5ms)[22m 
[2m01:21:01[22m   [34mΓö£ΓöÇ[39m [2m/actividades/como-nos-organizamos-para-el-cambio-agendas-feministas/index.html[22m [2m(+7ms)[22m 
[2m01:21:01[22m   [34mΓö£ΓöÇ[39m [2m/actividades/develando-las-violaciones-de-derechos-humanos/index.html[22m [2m(+11ms)[22m 
[2m01:21:01[22m   [34mΓö£ΓöÇ[39m [2m/actividades/liderazgo-moral-para-legalizar-las-drogas/index.html[22m [2m(+9ms)[22m 
[2m01:21:01[22m   [34mΓö£ΓöÇ[39m [2m/actividades/somos-el-99/index.html[22m [2m(+9ms)[22m 
[2m01:21:01[22m   [34mΓö£ΓöÇ[39m [2m/actividades/cacerola-escuela-de-formacion/index.html[22m [2m(+6ms)[22m 
[2m01:21:01[22m   [34mΓö£ΓöÇ[39m [2m/actividades/conspirando-alrededor-del-fogon/index.html[22m [2m(+7ms)[22m 
[2m01:21:01[22m   [34mΓö£ΓöÇ[39m [2m/actividades/hacia-una-nueva-america-latina-y-el-caribe-en-la-pospandemia/index.html[22m [2m(+6ms)[22m 
[2m01:21:01[22m   [34mΓö£ΓöÇ[39m [2m/actividades/somos-mas-democracia-experiencias-que-constituyente-colombia/index.html[22m [2m(+7ms)[22m 
[2m01:21:01[22m   [34mΓö£ΓöÇ[39m [2m/actividades/comision-interamericana-de-derechos-humanos/index.html[22m [2m(+5ms)[22m 
[2m01:21:01[22m   [34mΓö£ΓöÇ[39m [2m/actividades/mujeres-agua-y-participacion-modulo-1/index.html[22m [2m(+6ms)[22m 
[2m01:21:01[22m   [34mΓö£ΓöÇ[39m [2m/actividades/curcunscripciones-de-la-paz-los-retos-para-la-participacion-de-las-mujeres-victimas/index.html[22m [2m(+7ms)[22m 
[2m01:21:01[22m   [34mΓö£ΓöÇ[39m [2m/actividades/perspectivas-criticas-de-los-derechos-humanos-y-de-la-situacion-del-suroccidente-colombiano/index.html[22m [2m(+7ms)[22m 
[2m01:21:01[22m   [34mΓö£ΓöÇ[39m [2m/actividades/derechos-humanos-y-derechos-territoriales-de-los-pueblos-indigenas/index.html[22m [2m(+10ms)[22m 
[2m01:21:01[22m   [34mΓö£ΓöÇ[39m [2m/actividades/mujeres-agua-y-participacion-modulo-3/index.html[22m [2m(+6ms)[22m 
[2m01:21:01[22m   [34mΓö£ΓöÇ[39m [2m/actividades/justicia-y-pueblos-indigenas-amazonicos/index.html[22m [2m(+10ms)[22m 
[2m01:21:01[22m   [34mΓö£ΓöÇ[39m [2m/actividades/moniquira-4-festival/index.html[22m [2m(+14ms)[22m 
[2m01:21:02[22m   [34mΓö£ΓöÇ[39m [2m/actividades/agoras-de-mujeres-el-caribe-ampliado-narrado-por-las-mujeres/index.html[22m [2m(+5ms)[22m 
[2m01:21:02[22m   [34mΓö£ΓöÇ[39m [2m/actividades/escuela-popular-de-derechos-humanos-protesta-digna-segunda-sesion/index.html[22m [2m(+4ms)[22m 
[2m01:21:02[22m   [34mΓö£ΓöÇ[39m [2m/actividades/constitucionalismo-en-la-clave-descolonial-y-de-integracion/index.html[22m [2m(+6ms)[22m 
[2m01:21:02[22m   [34mΓö£ΓöÇ[39m [2m/actividades/escuela-popular-de-derechos-humanos-protesta-digna-modulo-4-primera-sesion/index.html[22m [2m(+5ms)[22m 
[2m01:21:02[22m   [34mΓö£ΓöÇ[39m [2m/actividades/escuela-popular-de-derechos-humanos-protesta-digna-modulo-4-segunda-sesion/index.html[22m [2m(+6ms)[22m 
[2m01:21:02[22m   [34mΓö£ΓöÇ[39m [2m/actividades/escuela-popular-de-derechos-humanos-protesta-digna-modulo-4-cuarta-sesion/index.html[22m [2m(+7ms)[22m 
[2m01:21:02[22m   [34mΓö£ΓöÇ[39m [2m/actividades/mes-de-la-investigacion/index.html[22m [2m(+7ms)[22m 
[2m01:21:02[22m   [34mΓö£ΓöÇ[39m [2m/actividades/cartografia-comunitaria-para-la-defensa-del-territorio/index.html[22m [2m(+6ms)[22m 
[2m01:21:02[22m   [34mΓö£ΓöÇ[39m [2m/actividades/coloquio-pensaminetos-juridicos-criticos-y-derechos-hymanos-en-america-latina/index.html[22m [2m(+7ms)[22m 
[2m01:21:02[22m   [34mΓö£ΓöÇ[39m [2m/actividades/dia-internachinal-de-la-mujer-2022/index.html[22m [2m(+7ms)[22m 
[2m01:21:02[22m   [34mΓö£ΓöÇ[39m [2m/actividades/foro-hacia-una-propuesta-pedagogica/index.html[22m [2m(+10ms)[22m 
[2m01:21:02[22m   [34mΓööΓöÇ[39m [2m/actividades/escuela-popular-de-derechos-humanos-protesta-digna-modulo-2-tercera-sesion/index.html[22m [2m(+11ms)[22m 
[2m01:21:02[22m [32mΓû╢[39m src/pages/contacto.astro
[2m01:21:02[22m   [34mΓööΓöÇ[39m [2m/contacto/index.html[22m [2m(+7ms)[22m 
[2m01:21:02[22m [32mΓû╢[39m src/pages/donaciones.astro
[2m01:21:02[22m   [34mΓööΓöÇ[39m [2m/donaciones/index.html[22m [2m(+8ms)[22m 
[2m01:21:02[22m [32mΓû╢[39m src/pages/multimedia/index.astro
[2m01:21:02[22m   [34mΓööΓöÇ[39m [2m/multimedia/index.html[22m [2m(+5ms)[22m 
[2m01:21:02[22m [32mΓû╢[39m src/pages/nosotros/direccion-ejecutiva.astro
[2m01:21:02[22m   [34mΓööΓöÇ[39m [2m/nosotros/direccion-ejecutiva/index.html[22m [2m(+4ms)[22m 
[2m01:21:02[22m [32mΓû╢[39m src/pages/nosotros/junta-directiva.astro
[2m01:21:02[22m   [34mΓööΓöÇ[39m [2m/nosotros/junta-directiva/index.html[22m [2m(+5ms)[22m 
[2m01:21:02[22m [32mΓû╢[39m src/pages/nosotros/index.astro
[2m01:21:02[22m   [34mΓööΓöÇ[39m [2m/nosotros/index.html[22m [2m(+13ms)[22m 
[2m01:21:02[22m [32mΓû╢[39m src/pages/opinion/boaventura-de-sousa-santos.astro
[2m01:21:02[22m   [34mΓööΓöÇ[39m [2m/opinion/boaventura-de-sousa-santos/index.html[22m [2m(+16ms)[22m 
[2m01:21:02[22m [32mΓû╢[39m src/pages/opinion/carlos-frederico-mares.astro
[2m01:21:02[22m   [34mΓööΓöÇ[39m [2m/opinion/carlos-frederico-mares/index.html[22m [2m(+13ms)[22m 
[2m01:21:02[22m [32mΓû╢[39m src/pages/opinion/consuelo-quattrocchi.astro
[2m01:21:02[22m   [34mΓööΓöÇ[39m [2m/opinion/consuelo-quattrocchi/index.html[22m [2m(+7ms)[22m 
[2m01:21:02[22m [32mΓû╢[39m src/pages/opinion/freddy-ordonez-gomez.astro
[2m01:21:02[22m   [34mΓööΓöÇ[39m [2m/opinion/freddy-ordonez-gomez/index.html[22m [2m(+16ms)[22m 
[2m01:21:02[22m [32mΓû╢[39m src/pages/opinion/german-burgos.astro
[2m01:21:02[22m   [34mΓööΓöÇ[39m [2m/opinion/german-burgos/index.html[22m [2m(+13ms)[22m 
[2m01:21:02[22m [32mΓû╢[39m src/pages/opinion/liliana-estupinan-achury.astro
[2m01:21:02[22m   [34mΓööΓöÇ[39m [2m/opinion/liliana-estupinan-achury/index.html[22m [2m(+8ms)[22m 
[2m01:21:02[22m [32mΓû╢[39m src/pages/opinion/mauricio-chamorro-rosero.astro
[2m01:21:02[22m   [34mΓööΓöÇ[39m [2m/opinion/mauricio-chamorro-rosero/index.html[22m [2m(+14ms)[22m 
[2m01:21:02[22m [32mΓû╢[39m src/pages/opinion/index.astro
[2m01:21:02[22m   [34mΓööΓöÇ[39m [2m/opinion/index.html[22mFetching posts... (cursor: )
Fetching posts... (cursor: YXJyYXljb25uZWN0aW9uOjIyMzE1)
Fetching posts... (cursor: YXJyYXljb25uZWN0aW9uOjE5MjM5)
Fetching posts... (cursor: YXJyYXljb25uZWN0aW9uOjQxOTQ=)
Fetching posts... (cursor: YXJyYXljb25uZWN0aW9uOjIzMDUz)
 [2m(+62ms)[22m 
[2m01:21:02[22m [32mΓû╢[39m src/pages/publicaciones/archivo-historico.astro
[2m01:21:02[22m   [34mΓööΓöÇ[39m [2m/publicaciones/archivo-historico/index.html[22m [2m(+10ms)[22m 
[2m01:21:02[22m [32mΓû╢[39m src/pages/publicaciones/coediciones.astro
[2m01:21:02[22m   [34mΓööΓöÇ[39m [2m/publicaciones/coediciones/index.html[22m [2m(+12ms)[22m 
[2m01:21:02[22m [32mΓû╢[39m src/pages/publicaciones/derecho-y-liberacion.astro
[2m01:21:02[22m   [34mΓööΓöÇ[39m [2m/publicaciones/derecho-y-liberacion/index.html[22m [2m(+8ms)[22m 
[2m01:21:02[22m [32mΓû╢[39m src/pages/publicaciones/en-clave-de-sur.astro
[2m01:21:02[22m   [34mΓööΓöÇ[39m [2m/publicaciones/en-clave-de-sur/index.html[22m [2m(+6ms)[22m 
[2m01:21:02[22m [32mΓû╢[39m src/pages/publicaciones/otras-publicaciones.astro
[2m01:21:02[22m   [34mΓööΓöÇ[39m [2m/publicaciones/otras-publicaciones/index.html[22m [2m(+8ms)[22m 
[2m01:21:02[22m [32mΓû╢[39m src/pages/publicaciones/revista-el-otro-derecho.astro
[2m01:21:02[22m   [34mΓööΓöÇ[39m [2m/publicaciones/revista-el-otro-derecho/index.html[22m [2m(+21ms)[22m 
[2m01:21:02[22m [32mΓû╢[39m src/pages/publicaciones/textos-de-aqui-y-ahora.astro
[2m01:21:02[22m   [34mΓööΓöÇ[39m [2m/publicaciones/textos-de-aqui-y-ahora/index.html[22m [2m(+9ms)[22m 
[2m01:21:02[22m [32mΓû╢[39m src/pages/publicaciones/utiles-para-conocer-y-actuar.astro
[2m01:21:02[22m   [34mΓööΓöÇ[39m [2m/publicaciones/utiles-para-conocer-y-actuar/index.html[22m [2m(+8ms)[22m 
[2m01:21:02[22m [32mΓû╢[39m src/pages/publicaciones/index.astro
[2m01:21:02[22m   [34mΓööΓöÇ[39m [2m/publicaciones/index.html[22m [2m(+4ms)[22m 
[2m01:21:02[22m [32mΓû╢[39m src/pages/index.astro
[2m01:21:02[22m   [34mΓööΓöÇ[39m [2m/index.html[22m [2m(+27ms)[22m 
[2m01:21:02[22m [32mΓû╢[39m src/pages/[...uri].astro
Fetching posts... (cursor: )
Fetching posts... (cursor: YXJyYXljb25uZWN0aW9uOjIyMzE1)
Fetching posts... (cursor: YXJyYXljb25uZWN0aW9uOjE5MjM5)
Fetching posts... (cursor: YXJyYXljb25uZWN0aW9uOjQxOTQ=)
Fetching posts... (cursor: YXJyYXljb25uZWN0aW9uOjIzMDUz)
[2m01:21:02[22m   [34mΓö£ΓöÇ[39m [2m/2026/02/criminalizacion-protesta-social/index.html[22m [2m(+14ms)[22m 
[2m01:21:02[22m   [34mΓö£ΓöÇ[39m [2m/2026/01/acciones-juridicas-2/index.html[22m [2m(+11ms)[22m 
[2m01:21:02[22m   [34mΓö£ΓöÇ[39m [2m/2026/01/acciones-juridicas/index.html[22m [2m(+9ms)[22m 
[2m01:21:02[22m   [34mΓö£ΓöÇ[39m [2m/2026/01/ataque-militar-venezuela-derecho-internacional/index.html[22m [2m(+10ms)[22m 
[2m01:21:02[22m   [34mΓö£ΓöÇ[39m [2m/2026/01/soberania-derechos-humanos-venezuela/index.html[22m [2m(+8ms)[22m 
[2m01:21:02[22m   [34mΓö£ΓöÇ[39m [2m/2026/01/alegria-esperanza-lucha-social-oprimidos/index.html[22m [2m(+14ms)[22m 
[2m01:21:02[22m   [34mΓö£ΓöÇ[39m [2m/2025/12/oea-condenar-hostilidades-estados-unidos-latinoamerica/index.html[22m [2m(+9ms)[22m 
[2m01:21:02[22m   [34mΓö£ΓöÇ[39m [2m/2025/11/investigacion-abogacia-popular-latinoamerica/index.html[22m [2m(+10ms)[22m 
[2m01:21:02[22m   [34mΓö£ΓöÇ[39m [2m/2025/11/25n-eliminacion-violencia-mujer/index.html[22m [2m(+9ms)[22m 
[2m01:21:02[22m   [34mΓö£ΓöÇ[39m [2m/2025/11/comunicado-rectoria-universidad-nacional/index.html[22m [2m(+8ms)[22m 
[2m01:21:02[22m   [34mΓö£ΓöÇ[39m [2m/2025/11/ultraderecha-fascismo-colombia/index.html[22m [2m(+8ms)[22m 
[2m01:21:02[22m   [34mΓö£ΓöÇ[39m [2m/2025/10/derechos-vivienda-digna-desplazados/index.html[22m [2m(+13ms)[22m 
[2m01:21:02[22m   [34mΓö£ΓöÇ[39m [2m/2025/10/poder-constituyente-democracia-reformas/index.html[22m [2m(+8ms)[22m 
[2m01:21:02[22m   [34mΓö£ΓöÇ[39m [2m/2025/10/camilo-castellanos-biografia/index.html[22m [2m(+9ms)[22m 
[2m01:21:02[22m   [34mΓö£ΓöÇ[39m [2m/2025/09/puerto-antioquia-consulta-previa-comunidades-afro/index.html[22m [2m(+8ms)[22m 
[2m01:21:02[22m   [34mΓö£ΓöÇ[39m [2m/2025/09/escuela-popular-de-protesta/index.html[22m [2m(+7ms)[22m 
[2m01:21:02[22m   [34mΓö£ΓöÇ[39m [2m/2025/08/dario-botero-uribe-critica-positivismo-juridico/index.html[22m [2m(+7ms)[22m 
[2m01:21:02[22m   [34mΓö£ΓöÇ[39m [2m/2025/08/comunicacion-maria-eugenia-ramirez-b/index.html[22m [2m(+8ms)[22m 
[2m01:21:02[22m   [34mΓö£ΓöÇ[39m [2m/2025/08/un-homenaje-a-cesar-a-grajales/index.html[22m [2m(+8ms)[22m 
[2m01:21:02[22m   [34mΓö£ΓöÇ[39m [2m/2025/07/derechos-colectivos-paso-el-medio-comunidad-desplazada/index.html[22m [2m(+8ms)[22m 
[2m01:21:02[22m   [34mΓö£ΓöÇ[39m [2m/2025/07/kokrenum-resistencia-ferrovia-direitos-indigenas/index.html[22m [2m(+9ms)[22m 
[2m01:21:02[22m   [34mΓö£ΓöÇ[39m [2m/2025/07/licenca-ambiental-direito-natureza/index.html[22m [2m(+12ms)[22m 
[2m01:21:02[22m   [34mΓö£ΓöÇ[39m [2m/2025/07/circos-da-cidade-curitiba-democracia/index.html[22m [2m(+8ms)[22m 
[2m01:21:02[22m   [34mΓö£ΓöÇ[39m [2m/2025/07/toussaint-loverture-libertador-traido/index.html[22m [2m(+8ms)[22m 
[2m01:21:02[22m   [34mΓö£ΓöÇ[39m [2m/2025/07/tenor-elefante-teatro-guaira/index.html[22m [2m(+7ms)[22m 
[2m01:21:02[22m   [34mΓö£ΓöÇ[39m [2m/2025/07/colonia-pescadores-antonina/index.html[22m [2m(+8ms)[22m 
[2m01:21:02[22m   [34mΓö£ΓöÇ[39m [2m/2025/07/asamblea-extraordinaria-ilsa-nuevo-director-ejecutivo/index.html[22m [2m(+7ms)[22m 
[2m01:21:02[22m   [34mΓö£ΓöÇ[39m [2m/2025/06/entrevista-mayerly-diaz-castellanos-ilsa-justicia-comunitaria/index.html[22m [2m(+9ms)[22m 
[2m01:21:02[22m   [34mΓö£ΓöÇ[39m [2m/2025/06/la-pregunta-desaparecida/index.html[22m [2m(+7ms)[22m 
[2m01:21:02[22m   [34mΓö£ΓöÇ[39m [2m/2025/05/derecho-a-la-salud/index.html[22m [2m(+10ms)[22m 
[2m01:21:02[22m   [34mΓö£ΓöÇ[39m [2m/2025/05/roque-dalton-cincuenta-anos-pronunciando-su-nombre/index.html[22m [2m(+13ms)[22m 
[2m01:21:02[22m   [34mΓö£ΓöÇ[39m [2m/2025/05/una-reforma-constitucional-para-el-campo/index.html[22m [2m(+7ms)[22m 
[2m01:21:02[22m   [34mΓö£ΓöÇ[39m [2m/2025/05/occidente-no-es-ciego-pero-no-ve/index.html[22m [2m(+8ms)[22m 
[2m01:21:02[22m   [34mΓö£ΓöÇ[39m [2m/2025/05/europa-se-arma-o-se-desarma/index.html[22m [2m(+8ms)[22m 
[2m01:21:02[22m   [34mΓö£ΓöÇ[39m [2m/2025/05/autopsia-de-la-persecucion-opaca-en-democracia/index.html[22m [2m(+9ms)[22m 
[2m01:21:02[22m   [34mΓö£ΓöÇ[39m [2m/2025/05/el-trabajo-agricola-asalariado-2/index.html[22m [2m(+8ms)[22m 
[2m01:21:02[22m   [34mΓö£ΓöÇ[39m [2m/2025/05/la-verdad-las-victimas-y-la-construccion-de-paz/index.html[22m [2m(+8ms)[22m 
[2m01:21:02[22m   [34mΓö£ΓöÇ[39m [2m/2025/05/incidente-na-serra-do-mar/index.html[22m [2m(+8ms)[22m 
[2m01:21:02[22m   [34mΓö£ΓöÇ[39m [2m/2025/05/a-geracao-ceifada/index.html[22m [2m(+9ms)[22m 
[2m01:21:02[22m   [34mΓö£ΓöÇ[39m [2m/2025/04/manifiesto-por-la-tierra-y-la-vida/index.html[22m [2m(+8ms)[22m 
[2m01:21:02[22m   [34mΓö£ΓöÇ[39m [2m/2025/04/o-direito-de-acesso-a-justica-rumo-a-um-instrumento-ibero-americano/index.html[22m [2m(+11ms)[22m 
[2m01:21:02[22m   [34mΓö£ΓöÇ[39m [2m/2025/04/el-derecho-de-acceso-a-la-justicia-camino-a-un-instrumento-iberoamericano/index.html[22m [2m(+8ms)[22m 
[2m01:21:02[22m   [34mΓö£ΓöÇ[39m [2m/2025/04/8-de-abril-dia-internacional-de-oposicion-a-los-alimentos-transgenicos/index.html[22m [2m(+9ms)[22m 
[2m01:21:02[22m   [34mΓö£ΓöÇ[39m [2m/2025/04/lo-posible-entre-dos-imposibilidades/index.html[22m [2m(+9ms)[22m 
[2m01:21:02[22m   [34mΓö£ΓöÇ[39m [2m/2025/03/por-que-es-esencial-adoptar-unos-principios-propios-en-el-derecho-agrario/index.html[22m [2m(+10ms)[22m 
[2m01:21:02[22m   [34mΓö£ΓöÇ[39m [2m/2025/03/dia-internacional-de-la-eliminacion-de-la-discriminacion-racial-60-anos-de-la-convencion-contra-el-racismo/index.html[22m [2m(+7ms)[22m 
[2m01:21:02[22m   [34mΓö£ΓöÇ[39m [2m/2025/03/mujeres-justicia-dia-juezas/index.html[22m [2m(+10ms)[22m 
[2m01:21:02[22m   [34mΓö£ΓöÇ[39m [2m/2025/03/ilsa-reconocimiento-embajada-canada-mujeres-buscadoras-uraba/index.html[22m [2m(+9ms)[22m 
[2m01:21:03[22m   [34mΓö£ΓöÇ[39m [2m/2025/02/trabajadoras-agro-feminizacion-condiciones-laborales/index.html[22m [2m(+7ms)[22m 
[2m01:21:03[22m   [34mΓö£ΓöÇ[39m [2m/2025/02/jose-mariategui-fascismo-actualidad/index.html[22m [2m(+8ms)[22m 
[2m01:21:03[22m   [34mΓö£ΓöÇ[39m [2m/2025/02/paz-sin-militarizacion/index.html[22m [2m(+11ms)[22m 
[2m01:21:03[22m   [34mΓö£ΓöÇ[39m [2m/2025/02/por-la-vida-y-la-paz-en-la-casa-del-truenourgen-salidas-humanitarias-a-la-crisis-en-catatumbo/index.html[22m [2m(+7ms)[22m 
[2m01:21:03[22m   [34mΓö£ΓöÇ[39m [2m/2025/02/el-lobo-dentro-del-rebano-una-advertencia-a-la-izquierda-brasilena-y-latinoamericana-en-general/index.html[22m [2m(+10ms)[22m 
[2m01:21:03[22m   [34mΓö£ΓöÇ[39m [2m/2025/01/trump-la-astucia-del-tigre-de-papel/index.html[22m [2m(+9ms)[22m 
[2m01:21:03[22m   [34mΓö£ΓöÇ[39m [2m/2024/12/el-trabajo-agricola-asalariado/index.html[22m [2m(+12ms)[22m 
[2m01:21:03[22m   [34mΓö£ΓöÇ[39m [2m/2024/11/primer-borrador-oficial-del-convenio-iberoamericano-de-acceso-a-la-justicia/index.html[22m [2m(+8ms)[22m 
[2m01:21:03[22m   [34mΓö£ΓöÇ[39m [2m/2024/11/el-derecho-de-acceso-a-la-justicia-necesidades-en-colombia-y-posibilidades-de-un-instrumento-regional/index.html[22m [2m(+9ms)[22m 
[2m01:21:03[22m   [34mΓö£ΓöÇ[39m [2m/2024/11/guapi-quiere-paz/index.html[22m [2m(+7ms)[22m 
[2m01:21:03[22m   [34mΓö£ΓöÇ[39m [2m/2024/10/copsulas/index.html[22m [2m(+7ms)[22m 
[2m01:21:03[22m   [34mΓö£ΓöÇ[39m [2m/2024/10/reflexiones-y-desafios-en-la-cop-16-2/index.html[22m [2m(+5ms)[22m 
[2m01:21:03[22m   [34mΓö£ΓöÇ[39m [2m/2024/10/mujeres-buscadoras/index.html[22m [2m(+10ms)[22m 
[2m01:21:03[22m   [34mΓö£ΓöÇ[39m [2m/2024/10/conversatorio-el-acceso-a-la-justicia/index.html[22m [2m(+8ms)[22m 
[2m01:21:03[22m   [34mΓö£ΓöÇ[39m [2m/2024/10/comunicado-posterior-recorrido-humanitario-el-bagre/index.html[22m [2m(+12ms)[22m 
[2m01:21:03[22m   [34mΓö£ΓöÇ[39m [2m/2024/10/ilsa-en-la-cop-16/index.html[22m [2m(+7ms)[22m 
[2m01:21:03[22m   [34mΓö£ΓöÇ[39m [2m/2024/10/gustavo-petro-los-politicos-del-futuro-y-los-bloqueos-del-presente/index.html[22m [2m(+8ms)[22m 
[2m01:21:03[22m   [34mΓö£ΓöÇ[39m [2m/2024/09/rechazamos-el-reclutamiento-forzado/index.html[22m [2m(+11ms)[22m 
[2m01:21:03[22m   [34mΓö£ΓöÇ[39m [2m/2024/09/el-mito-y-las-clases-populares-en-la-colombia-de-hoy/index.html[22m [2m(+10ms)[22m 
[2m01:21:03[22m   [34mΓö£ΓöÇ[39m [2m/2024/08/el-rio-rancheria-como-sujeto-de-derechos/index.html[22m [2m(+10ms)[22m 
[2m01:21:03[22m   [34mΓö£ΓöÇ[39m [2m/2024/08/una-reflexion-sobre-venezuela/index.html[22m [2m(+8ms)[22m 
[2m01:21:03[22m   [34mΓö£ΓöÇ[39m [2m/2024/07/el-otro-derecho-n-62/index.html[22m [2m(+9ms)[22m 
[2m01:21:03[22m   [34mΓö£ΓöÇ[39m [2m/2024/07/el-otro-derecho-n-61/index.html[22m [2m(+13ms)[22m 
[2m01:21:03[22m   [34mΓö£ΓöÇ[39m [2m/2024/05/pensar-el-derecho/index.html[22m [2m(+9ms)[22m 
[2m01:21:03[22m   [34mΓö£ΓöÇ[39m [2m/2024/05/en-contravia/index.html[22m [2m(+9ms)[22m 
[2m01:21:03[22m   [34mΓö£ΓöÇ[39m [2m/2024/05/la-eleccion-de-rector-en-la-universidad-nacional-y-la-autonomia-universitaria/index.html[22m [2m(+9ms)[22m 
[2m01:21:03[22m   [34mΓö£ΓöÇ[39m [2m/2024/05/pronunciamiento-de-vamos-por-la-paz-sobre-la-actual-coyuntura-de-paz/index.html[22m [2m(+9ms)[22m 
[2m01:21:03[22m   [34mΓö£ΓöÇ[39m [2m/2024/05/el-no-alineamiento-hoy/index.html[22m [2m(+9ms)[22m 
[2m01:21:03[22m   [34mΓö£ΓöÇ[39m [2m/2024/05/llamamiento-urgente-por-la-proteccion-de-la-vida-e-integridad-de-las-comunidades-y-liderazgos-sociales-del-sur-de-bolivar/index.html[22m [2m(+6ms)[22m 
[2m01:21:03[22m   [34mΓö£ΓöÇ[39m [2m/2024/04/narrativas-feministas/index.html[22m [2m(+8ms)[22m 
[2m01:21:03[22m   [34mΓö£ΓöÇ[39m [2m/2024/04/los-integrantes-de-ong-defensoras-de-derechos-humanos-y-la-constitucion-de-1991-una-mirada-desde-pierre-bourdieu/index.html[22m [2m(+9ms)[22m 
[2m01:21:03[22m   [34mΓö£ΓöÇ[39m [2m/2024/04/los-ofendidos/index.html[22m [2m(+7ms)[22m 
[2m01:21:03[22m   [34mΓö£ΓöÇ[39m [2m/2024/03/comunicado-ante-la-gravedad-de-hechos-de-hostigamiento/index.html[22m [2m(+11ms)[22m 
[2m01:21:03[22m   [34mΓö£ΓöÇ[39m [2m/2024/03/redd-y-derechos-de-los-pueblos-indigenas/index.html[22m [2m(+8ms)[22m 
[2m01:21:03[22m   [34mΓö£ΓöÇ[39m [2m/2024/02/os-povos-da-terra-e-o-medo-que-provocam-2/index.html[22m [2m(+8ms)[22m 
[2m01:21:03[22m   [34mΓö£ΓöÇ[39m [2m/2024/02/povos-negados/index.html[22m [2m(+10ms)[22m 
[2m01:21:03[22m   [34mΓö£ΓöÇ[39m [2m/2024/02/o-protagonismo-indigena/index.html[22m [2m(+10ms)[22m 
[2m01:21:03[22m   [34mΓö£ΓöÇ[39m [2m/2024/02/marx-la-bipolitica-y-lo-comun-antonio-negri/index.html[22m [2m(+7ms)[22m 
[2m01:21:03[22m   [34mΓö£ΓöÇ[39m [2m/2024/02/por-que-crece-el-fascismo-como-podemos-detenerlo/index.html[22m [2m(+10ms)[22m 
[2m01:21:03[22m   [34mΓö£ΓöÇ[39m [2m/2024/01/centenario-de-teoria-general-evgeni-pashukanis/index.html[22m [2m(+9ms)[22m 
[2m01:21:03[22m   [34mΓö£ΓöÇ[39m [2m/2024/01/el-ordenamiento-juridico-del-trabajo-agricola-asalariado/index.html[22m [2m(+7ms)[22m 
[2m01:21:03[22m   [34mΓö£ΓöÇ[39m [2m/2024/01/estado-derecho-y-las-luchas-sociales/index.html[22m [2m(+6ms)[22m 
[2m01:21:03[22m   [34mΓö£ΓöÇ[39m [2m/2024/01/ilsa-contribuye-a-proteger-los-derechos-de-las-mujeres-trabajadoras/index.html[22m [2m(+10ms)[22m 
[2m01:21:03[22m   [34mΓö£ΓöÇ[39m [2m/2024/01/la-negociacion-con-estados-unidos/index.html[22m [2m(+7ms)[22m 
[2m01:21:03[22m   [34mΓö£ΓöÇ[39m [2m/2023/12/dialogos-de-paz/index.html[22m [2m(+8ms)[22m 
[2m01:21:03[22m   [34mΓö£ΓöÇ[39m [2m/2023/11/agendamiento-del-primer-debate-del-proyecto-de-ley-123/index.html[22m [2m(+7ms)[22m 
[2m01:21:03[22m   [34mΓö£ΓöÇ[39m [2m/2023/11/remando-por-el-territorio-la-agenda-ciudadana-de-mujeres-en-necocli/index.html[22m [2m(+7ms)[22m 
[2m01:21:03[22m   [34mΓö£ΓöÇ[39m [2m/2023/10/historia-movimiento-derechos-humanos-america-latina/index.html[22m [2m(+7ms)[22m 
[2m01:21:03[22m   [34mΓö£ΓöÇ[39m [2m/2023/09/relacion-derecho-violencia-2/index.html[22m [2m(+7ms)[22m 
[2m01:21:03[22m   [34mΓö£ΓöÇ[39m [2m/2023/09/analisis-del-primer-ano-de-gobierno-de-gustavo-petro/index.html[22m [2m(+7ms)[22m 
[2m01:21:03[22m   [34mΓö£ΓöÇ[39m [2m/2023/08/porte-de-armas-derechos-humanos/index.html[22m [2m(+8ms)[22m 
[2m01:21:03[22m   [34mΓö£ΓöÇ[39m [2m/2023/08/xiii-encuentro-polifonico-mujeres-y-paz/index.html[22m [2m(+5ms)[22m 
[2m01:21:03[22m   [34mΓö£ΓöÇ[39m [2m/2023/07/en-que-va-el-derecho-al-aborto-en-colombia/index.html[22m [2m(+10ms)[22m 
[2m01:21:03[22m   [34mΓö£ΓöÇ[39m [2m/2023/06/las-mujeres-y-el-derecho-a-un-ambiente-sano-la-participacion-en-la-gobernanza-ambiental/index.html[22m [2m(+8ms)[22m 
[2m01:21:03[22m   [34mΓö£ΓöÇ[39m [2m/2023/06/el-campesinado-sujeto-de-derechos-y-de-especial-proteccion/index.html[22m [2m(+7ms)[22m 
[2m01:21:03[22m   [34mΓö£ΓöÇ[39m [2m/2023/06/comunicado-ongs-grupo-de-proteccion/index.html[22m [2m(+9ms)[22m 
[2m01:21:03[22m   [34mΓö£ΓöÇ[39m [2m/2023/06/la-legitimidad-legal-suficiente/index.html[22m [2m(+12ms)[22m 
[2m01:21:03[22m   [34mΓö£ΓöÇ[39m [2m/2023/06/os-povos-da-terra-e-o-medo-que-provocam/index.html[22m [2m(+7ms)[22m 
[2m01:21:03[22m   [34mΓö£ΓöÇ[39m [2m/2023/06/saludo-red-argentina-de-abogacia/index.html[22m [2m(+8ms)[22m 
[2m01:21:03[22m   [34mΓö£ΓöÇ[39m [2m/2023/05/la-guerra-y-la-paz-en-la-amazonia-colombiana/index.html[22m [2m(+9ms)[22m 
[2m01:21:03[22m   [34mΓö£ΓöÇ[39m [2m/2023/05/escuela-ambiental-contra-el-cambio-climatico/index.html[22m [2m(+9ms)[22m 
[2m01:21:03[22m   [34mΓö£ΓöÇ[39m [2m/2023/05/derechos-humanos-y-pensamientos-juridicos-criticos-desde-nuestramerica/index.html[22m [2m(+7ms)[22m 
[2m01:21:03[22m   [34mΓö£ΓöÇ[39m [2m/2023/05/estado-politica-y-pensamientos-juridicos-en-nuestramerica/index.html[22m [2m(+9ms)[22m 
[2m01:21:03[22m   [34mΓö£ΓöÇ[39m [2m/2023/05/comunicado-ffp-11-de-mayo-de-2023/index.html[22m [2m(+7ms)[22m 
[2m01:21:03[22m   [34mΓö£ΓöÇ[39m [2m/2023/05/antonio-tavares-o-monumento/index.html[22m [2m(+7ms)[22m 
[2m01:21:03[22m   [34mΓö£ΓöÇ[39m [2m/2023/04/plan-nacional-de-desarrollo-2022-2026/index.html[22m [2m(+7ms)[22m 
[2m01:21:03[22m   [34mΓö£ΓöÇ[39m [2m/2023/04/peru-urgente-resistencia-y-solidaridad-internacional/index.html[22m [2m(+6ms)[22m 
[2m01:21:03[22m   [34mΓö£ΓöÇ[39m [2m/2023/04/areas-no-municipalizadas-y-pueblos-indigenas-amazonicos-la-importancia-de-la-sentencia-c-054-de-2023/index.html[22m [2m(+7ms)[22m 
[2m01:21:03[22m   [34mΓö£ΓöÇ[39m [2m/2023/03/el-plan-nacional-de-desarrollo-2022-2026/index.html[22m [2m(+7ms)[22m 
[2m01:21:03[22m   [34mΓö£ΓöÇ[39m [2m/2023/03/trabalho-escravo-ate-quando/index.html[22m [2m(+7ms)[22m 
[2m01:21:03[22m   [34mΓö£ΓöÇ[39m [2m/2023/03/derecho-y-naturaleza-tres-perspectivas/index.html[22m [2m(+7ms)[22m 
[2m01:21:03[22m   [34mΓö£ΓöÇ[39m [2m/2023/03/no-es-un-hobby-es-una-carrera-academica/index.html[22m [2m(+5ms)[22m 
[2m01:21:03[22m   [34mΓö£ΓöÇ[39m [2m/2023/03/el-otro-derecho-n-60/index.html[22m [2m(+9ms)[22m 
[2m01:21:03[22m   [34mΓö£ΓöÇ[39m [2m/2023/03/el-otro-derecho-n-59-2/index.html[22m [2m(+7ms)[22m 
[2m01:21:03[22m   [34mΓö£ΓöÇ[39m [2m/2023/03/el-silencio-de-los-intelectuales/index.html[22m [2m(+7ms)[22m 
[2m01:21:03[22m   [34mΓö£ΓöÇ[39m [2m/2023/02/los-imperialismos/index.html[22m [2m(+6ms)[22m 
[2m01:21:03[22m   [34mΓö£ΓöÇ[39m [2m/2023/02/comunicado-a-la-opinion-publica/index.html[22m [2m(+8ms)[22m 
[2m01:21:03[22m   [34mΓö£ΓöÇ[39m [2m/2023/02/adios-a-europa/index.html[22m [2m(+7ms)[22m 
[2m01:21:03[22m   [34mΓö£ΓöÇ[39m [2m/2023/02/derechos-humanos-y-servicios-legales-en-el-campo-colombia-1988/index.html[22m [2m(+8ms)[22m 
[2m01:21:03[22m   [34mΓö£ΓöÇ[39m [2m/2023/02/red-colombiana-de-abogacia-popular-y-empoderamiento-juridico/index.html[22m [2m(+9ms)[22m 
[2m01:21:03[22m   [34mΓö£ΓöÇ[39m [2m/2023/02/inglorios-generais-ii/index.html[22m [2m(+11ms)[22m 
[2m01:21:03[22m   [34mΓö£ΓöÇ[39m [2m/2023/02/a-censura-e-o-exilio/index.html[22m [2m(+9ms)[22m 
[2m01:21:03[22m   [34mΓö£ΓöÇ[39m [2m/2023/02/a-mentira-como-metodo-a-violencia-como-argumento/index.html[22m [2m(+13ms)[22m 
[2m01:21:03[22m   [34mΓö£ΓöÇ[39m [2m/2023/02/voto-auditavel-e-dinheiro-vivo/index.html[22m [2m(+9ms)[22m 
[2m01:21:03[22m   [34mΓö£ΓöÇ[39m [2m/2023/02/o-voto-nosso-de-cada-eleicao/index.html[22m [2m(+6ms)[22m 
[2m01:21:03[22m   [34mΓö£ΓöÇ[39m [2m/2023/02/as-razoes-para-matar/index.html[22m [2m(+7ms)[22m 
[2m01:21:03[22m   [34mΓö£ΓöÇ[39m [2m/2023/01/brasil-el-futuro-llego-rapido/index.html[22m [2m(+7ms)[22m 
[2m01:21:03[22m   [34mΓö£ΓöÇ[39m [2m/2023/01/la-educacion-juridica-popular-y-el-empoderamiento-legal/index.html[22m [2m(+8ms)[22m 
[2m01:21:03[22m   [34mΓö£ΓöÇ[39m [2m/2023/01/recursos-para-sobrevivir-2/index.html[22m [2m(+9ms)[22m 
[2m01:21:03[22m   [34mΓö£ΓöÇ[39m [2m/2023/01/el-bid-en-america-latina/index.html[22m [2m(+7ms)[22m 
[2m01:21:03[22m   [34mΓö£ΓöÇ[39m [2m/2023/01/selva-abierta/index.html[22m [2m(+6ms)[22m 
[2m01:21:03[22m   [34mΓö£ΓöÇ[39m [2m/2023/01/echando-palante/index.html[22m [2m(+6ms)[22m 
[2m01:21:03[22m   [34mΓö£ΓöÇ[39m [2m/2023/01/los-derechos-sociales-en-los-planes-de-desarrollo/index.html[22m [2m(+10ms)[22m 
[2m01:21:03[22m   [34mΓö£ΓöÇ[39m [2m/2023/01/los-derechos-en-la-lucha-contra-la-discriminacion-racial/index.html[22m [2m(+7ms)[22m 
[2m01:21:03[22m   [34mΓö£ΓöÇ[39m [2m/2023/01/herramientas-para-conocer/index.html[22m [2m(+8ms)[22m 
[2m01:21:03[22m   [34mΓö£ΓöÇ[39m [2m/2023/01/manual-de-acceso-a-la-informacion/index.html[22m [2m(+6ms)[22m 
[2m01:21:03[22m   [34mΓö£ΓöÇ[39m [2m/2023/01/brasil-advertencia-a-la-navegacion-democratica/index.html[22m [2m(+7ms)[22m 
[2m01:21:03[22m   [34mΓö£ΓöÇ[39m [2m/2023/01/desc-y-desarrollo-visiones-hegemonicas-y-alternativas/index.html[22m [2m(+6ms)[22m 
[2m01:21:03[22m   [34mΓö£ΓöÇ[39m [2m/2023/01/desconstruyendo-lo-publico/index.html[22m [2m(+7ms)[22m 
[2m01:21:03[22m   [34mΓö£ΓöÇ[39m [2m/2023/01/capacidadesc-para-la-exigibilidad/index.html[22m [2m(+8ms)[22m 
[2m01:21:03[22m   [34mΓö£ΓöÇ[39m [2m/2023/01/herramientas-para-la-capacitacion/index.html[22m [2m(+8ms)[22m 
[2m01:21:03[22m   [34mΓö£ΓöÇ[39m [2m/2023/01/la-legitima-defensa-acciones-populares-contra-el-tlc/index.html[22m [2m(+7ms)[22m 
[2m01:21:03[22m   [34mΓö£ΓöÇ[39m [2m/2023/01/al-poso-salir-al-paso-2/index.html[22m [2m(+11ms)[22m 
[2m01:21:03[22m   [34mΓö£ΓöÇ[39m [2m/2023/01/letras-de-cambio/index.html[22m [2m(+12ms)[22m 
[2m01:21:03[22m   [34mΓö£ΓöÇ[39m [2m/2022/12/feliz-navidad-2022/index.html[22m [2m(+9ms)[22m 
[2m01:21:03[22m   [34mΓö£ΓöÇ[39m [2m/2022/12/los-campesinos-seran-reconocidos-como-sujetos-de-derecho-2/index.html[22m [2m(+8ms)[22m 
[2m01:21:03[22m   [34mΓö£ΓöÇ[39m [2m/2022/12/los-campesinos-seran-reconocidos-como-sujetos-de-derecho/index.html[22m [2m(+7ms)[22m 
[2m01:21:03[22m   [34mΓö£ΓöÇ[39m [2m/2022/12/el-otro-derecho-n-58/index.html[22m [2m(+7ms)[22m 
[2m01:21:03[22m   [34mΓö£ΓöÇ[39m [2m/2022/11/el-otro-derecho-n-57/index.html[22m [2m(+7ms)[22m 
[2m01:21:03[22m   [34mΓö£ΓöÇ[39m [2m/2022/11/el-otro-derecho-n-56/index.html[22m [2m(+7ms)[22m 
[2m01:21:03[22m   [34mΓö£ΓöÇ[39m [2m/2022/11/el-otro-derecho-n-54-55/index.html[22m [2m(+6ms)[22m 
[2m01:21:03[22m   [34mΓö£ΓöÇ[39m [2m/2022/11/el-otro-derecho-n-53/index.html[22m [2m(+6ms)[22m 
[2m01:21:03[22m   [34mΓö£ΓöÇ[39m [2m/2022/11/mediacion-violencia-intrafamiliar/index.html[22m [2m(+8ms)[22m 
[2m01:21:03[22m   [34mΓö£ΓöÇ[39m [2m/2022/11/estuvimos-adelantando-actividades-en-diferentes-regiones/index.html[22m [2m(+12ms)[22m 
[2m01:21:03[22m   [34mΓö£ΓöÇ[39m [2m/2022/11/presupuestando-ando/index.html[22m [2m(+8ms)[22m 
[2m01:21:03[22m   [34mΓö£ΓöÇ[39m [2m/2022/11/herramientas-para-conocer-y-defender-el-territorio-5/index.html[22m [2m(+7ms)[22m 
[2m01:21:03[22m   [34mΓö£ΓöÇ[39m [2m/2022/11/los-abogados-y-la-democracia-en-america-latina/index.html[22m [2m(+8ms)[22m 
[2m01:21:03[22m   [34mΓö£ΓöÇ[39m [2m/2022/11/el-pensamiento-juridico-critico-hoy-en-nuestra-america/index.html[22m [2m(+9ms)[22m 
[2m01:21:03[22m   [34mΓö£ΓöÇ[39m [2m/2022/11/el-otro-derecho-n-52/index.html[22m [2m(+7ms)[22m 
[2m01:21:03[22m   [34mΓö£ΓöÇ[39m [2m/2022/10/brasil-la-victoria-de-lula-y-el-golpe-de-estado-continuado/index.html[22m [2m(+8ms)[22m 
[2m01:21:03[22m   [34mΓö£ΓöÇ[39m [2m/2022/10/programa-nacional-integral/index.html[22m [2m(+6ms)[22m 
[2m01:21:04[22m   [34mΓö£ΓöÇ[39m [2m/2022/10/el-derecho-a-la-reparacion-integral-en-justicia-y-paz/index.html[22m [2m(+9ms)[22m 
[2m01:21:04[22m   [34mΓö£ΓöÇ[39m [2m/2022/10/politicas-mineras-en-colombia/index.html[22m [2m(+10ms)[22m 
[2m01:21:04[22m   [34mΓö£ΓöÇ[39m [2m/2022/10/puerto-narino-el-pueblo-que-se-mira-en-el-rio/index.html[22m [2m(+7ms)[22m 
[2m01:21:04[22m   [34mΓö£ΓöÇ[39m [2m/2022/10/desplazamiento-y-retorno-balance-de-una-politica-2-2/index.html[22m [2m(+6ms)[22m 
[2m01:21:04[22m   [34mΓö£ΓöÇ[39m [2m/2022/10/todo-o-nada-principio-de-integralidad-y-derechos-sociales/index.html[22m [2m(+6ms)[22m 
[2m01:21:04[22m   [34mΓö£ΓöÇ[39m [2m/2022/10/desplazamiento-y-retorno-balance-de-una-politica-3/index.html[22m [2m(+7ms)[22m 
[2m01:21:04[22m   [34mΓö£ΓöÇ[39m [2m/2022/10/desplazamiento-y-retorno-balance-de-una-politica-2/index.html[22m [2m(+6ms)[22m 
[2m01:21:04[22m   [34mΓö£ΓöÇ[39m [2m/2022/10/desplazamiento-y-retorno-balance-de-una-politica/index.html[22m [2m(+9ms)[22m 
[2m01:21:04[22m   [34mΓö£ΓöÇ[39m [2m/2022/10/desplazamietno-y-retorno-balance-de-una-politica/index.html[22m [2m(+7ms)[22m 
[2m01:21:04[22m   [34mΓö£ΓöÇ[39m [2m/2022/10/los-derechos-de-nuetra-propia-voz-pueblos-indigenas-y-desc-una-lectura-intercultural/index.html[22m [2m(+8ms)[22m 
[2m01:21:04[22m   [34mΓö£ΓöÇ[39m [2m/2022/10/consumo-de-alimentos-en-bogota-deficit-y-canasta-basica-recomendada/index.html[22m [2m(+10ms)[22m 
[2m01:21:04[22m   [34mΓö£ΓöÇ[39m [2m/2022/10/el-campo-una-carta-por-jugar-perspectivas-de-la-agricultura-colombiana/index.html[22m [2m(+12ms)[22m 
[2m01:21:04[22m   [34mΓö£ΓöÇ[39m [2m/2022/10/democracia-y-participacion-el-ejemplo-del-presupuesto-participativo-de-porto-alegre/index.html[22m [2m(+7ms)[22m 
[2m01:21:04[22m   [34mΓö£ΓöÇ[39m [2m/2022/10/el-sistema-del-pajaro-colombia-paramilitarismo-y-conflicto-social/index.html[22m [2m(+7ms)[22m 
[2m01:21:04[22m   [34mΓö£ΓöÇ[39m [2m/2022/10/justicia-pensional-y-neoliberalismo/index.html[22m [2m(+7ms)[22m 
[2m01:21:04[22m   [34mΓö£ΓöÇ[39m [2m/2022/10/independencia-judicial-en-america-latina-de-quien-para-que-como/index.html[22m [2m(+10ms)[22m 
[2m01:21:04[22m   [34mΓö£ΓöÇ[39m [2m/2022/10/el-derecho-a-la-salud-en-colombia-diez-anos-de-frustraciones/index.html[22m [2m(+9ms)[22m 
[2m01:21:04[22m   [34mΓö£ΓöÇ[39m [2m/2022/10/las-guerras-de-la-agricultura-colombiana-1980-2010/index.html[22m [2m(+7ms)[22m 
[2m01:21:04[22m   [34mΓö£ΓöÇ[39m [2m/2022/10/movimientos-alimentarios-unios/index.html[22m [2m(+14ms)[22m 
[2m01:21:04[22m   [34mΓö£ΓöÇ[39m [2m/2022/10/trabajo-y-capital-en-el-siglo-xxi/index.html[22m [2m(+8ms)[22m 
[2m01:21:04[22m   [34mΓö£ΓöÇ[39m [2m/2022/10/ecologia-politica-de-la-amazonia/index.html[22m [2m(+7ms)[22m 
[2m01:21:04[22m   [34mΓö£ΓöÇ[39m [2m/2022/10/sociologia-juridica-critica-para-un-nuevo-sentido-comun-en-el-derecho/index.html[22m [2m(+10ms)[22m 
[2m01:21:04[22m   [34mΓö£ΓöÇ[39m [2m/2022/10/estado-de-derecho-y-globalizacion/index.html[22m [2m(+7ms)[22m 
[2m01:21:04[22m   [34mΓö£ΓöÇ[39m [2m/2022/10/al-margen-de-la-ley/index.html[22m [2m(+6ms)[22m 
[2m01:21:04[22m   [34mΓö£ΓöÇ[39m [2m/2022/10/instituciones-y-desarrollo-en-la-era-de-la-globalizacion-neoliberal/index.html[22m [2m(+6ms)[22m 
[2m01:21:04[22m   [34mΓö£ΓöÇ[39m [2m/2022/10/fiebre-de-tierra-caliente-una-historia-ambiental-de-colombia-1850-1930/index.html[22m [2m(+6ms)[22m 
[2m01:21:04[22m   [34mΓö£ΓöÇ[39m [2m/2022/10/todo-caliban/index.html[22m [2m(+6ms)[22m 
[2m01:21:04[22m   [34mΓö£ΓöÇ[39m [2m/2022/10/el-derecho-internacional-desde-abajo/index.html[22m [2m(+6ms)[22m 
[2m01:21:04[22m   [34mΓö£ΓöÇ[39m [2m/2022/10/el-desarrollo-futuro-de-america-latina/index.html[22m [2m(+6ms)[22m 
[2m01:21:04[22m   [34mΓö£ΓöÇ[39m [2m/2022/10/poder-judicial-comunal-aymara-en-el-sur-andino/index.html[22m [2m(+6ms)[22m 
[2m01:21:04[22m   [34mΓö£ΓöÇ[39m [2m/2022/10/la-regulacion-juridica-del-conocimiento-tradicional-la-conquista-de-los-saberes/index.html[22m [2m(+6ms)[22m 
[2m01:21:04[22m   [34mΓö£ΓöÇ[39m [2m/2022/10/introduccion-al-pensamiento-juridico-critico/index.html[22m [2m(+10ms)[22m 
[2m01:21:04[22m   [34mΓö£ΓöÇ[39m [2m/2022/10/derecho-y-sociedad-en-america-latina-un-debate-sobre-los-estudios-juridico-criticos/index.html[22m [2m(+7ms)[22m 
[2m01:21:04[22m   [34mΓö£ΓöÇ[39m [2m/2022/10/la-caida-del-angelus-novus-ensayos-para-una-nueva-teoria-social-y-una-nueva-practica-politica/index.html[22m [2m(+9ms)[22m 
[2m01:21:04[22m   [34mΓö£ΓöÇ[39m [2m/2022/10/la-internalizaacion-de-las-luchas-por-el-poder-competencias-entre-abogados-y-economistas-para-transformar-los-estados-latinoamericanos/index.html[22m [2m(+7ms)[22m 
[2m01:21:04[22m   [34mΓö£ΓöÇ[39m [2m/2022/10/el-desconocimiento-de-los-territorios-indigenas/index.html[22m [2m(+6ms)[22m 
[2m01:21:04[22m   [34mΓö£ΓöÇ[39m [2m/2022/10/brasil-un-gramsci-colectivo/index.html[22m [2m(+6ms)[22m 
[2m01:21:04[22m   [34mΓö£ΓöÇ[39m [2m/2022/10/jep-ecocentrismo-y-pluralidad-2/index.html[22m [2m(+6ms)[22m 
[2m01:21:04[22m   [34mΓö£ΓöÇ[39m [2m/2022/09/intervencion-expediente-d0014817/index.html[22m [2m(+7ms)[22m 
[2m01:21:04[22m   [34mΓö£ΓöÇ[39m [2m/2022/09/jep-ecocentrismo-y-pluralidad/index.html[22m [2m(+6ms)[22m 
[2m01:21:04[22m   [34mΓö£ΓöÇ[39m [2m/2022/09/la-contraccion-de-occidente-2/index.html[22m [2m(+6ms)[22m 
[2m01:21:04[22m   [34mΓö£ΓöÇ[39m [2m/2022/09/colonialidad-juridica-y-ordenamiento-territorial-2/index.html[22m [2m(+10ms)[22m 
[2m01:21:04[22m   [34mΓö£ΓöÇ[39m [2m/2022/08/colonialidad-juridica-y-ordenamiento-territorial/index.html[22m [2m(+8ms)[22m 
[2m01:21:04[22m   [34mΓö£ΓöÇ[39m [2m/2022/08/9-de-agosto-dia-internacional-de-los-pueblos-indigenas/index.html[22m [2m(+6ms)[22m 
[2m01:21:04[22m   [34mΓö£ΓöÇ[39m [2m/2022/07/2-prologo/index.html[22m [2m(+10ms)[22m 
[2m01:21:04[22m   [34mΓö£ΓöÇ[39m [2m/2022/07/1-preliminares/index.html[22m [2m(+5ms)[22m 
[2m01:21:04[22m   [34mΓö£ΓöÇ[39m [2m/2022/07/prefacio/index.html[22m [2m(+5ms)[22m 
[2m01:21:04[22m   [34mΓö£ΓöÇ[39m [2m/2022/07/2-el-pensamiento-de-la-liberacion-como-medicion-al-colonialismo-intelectual-en-america-latina-una-apertura-metodologica/index.html[22m [2m(+6ms)[22m 
[2m01:21:04[22m   [34mΓö£ΓöÇ[39m [2m/2022/07/derecho-y-liberacion-segundo-capitulo/index.html[22m [2m(+20ms)[22m 
[2m01:21:04[22m   [34mΓö£ΓöÇ[39m [2m/2022/07/derecho-y-liberacion-decimo-capitulo/index.html[22m [2m(+6ms)[22m 
[2m01:21:04[22m   [34mΓö£ΓöÇ[39m [2m/2022/07/derecho-y-liberacion-noveno-capitulo/index.html[22m [2m(+6ms)[22m 
[2m01:21:04[22m   [34mΓö£ΓöÇ[39m [2m/2022/07/derecho-y-liberacion-octavo-capitulo/index.html[22m [2m(+7ms)[22m 
[2m01:21:04[22m   [34mΓö£ΓöÇ[39m [2m/2022/07/derecho-y-liberacion-quinto-capitulo/index.html[22m [2m(+13ms)[22m 
[2m01:21:04[22m   [34mΓö£ΓöÇ[39m [2m/2022/07/derecho-y-liberacion-cuarto-capitulo/index.html[22m [2m(+8ms)[22m 
[2m01:21:04[22m   [34mΓö£ΓöÇ[39m [2m/2022/07/derecho-y-liberacion-tercero-capitulo/index.html[22m [2m(+9ms)[22m 
[2m01:21:04[22m   [34mΓö£ΓöÇ[39m [2m/2022/07/derecho-y-liberacion-septimo-capitulo/index.html[22m [2m(+8ms)[22m 
[2m01:21:04[22m   [34mΓö£ΓöÇ[39m [2m/2022/07/derecho-y-liberacion-sexto-capitulo/index.html[22m [2m(+7ms)[22m 
[2m01:21:04[22m   [34mΓö£ΓöÇ[39m [2m/2022/07/derecho-y-liberacion-primer-capitulo/index.html[22m [2m(+8ms)[22m 
[2m01:21:04[22m   [34mΓö£ΓöÇ[39m [2m/2022/07/el-nuevo-gobierno-y-las-expectativas-de-proteccion-de-los-derechos-humanos/index.html[22m [2m(+5ms)[22m 
[2m01:21:04[22m   [34mΓö£ΓöÇ[39m [2m/2022/06/la-contraccion-de-occidente/index.html[22m [2m(+8ms)[22m 
[2m01:21:04[22m   [34mΓö£ΓöÇ[39m [2m/2022/06/revisitando-la-consulta-y-el-consentimiento-libre-previo-e-informado/index.html[22m [2m(+6ms)[22m 
[2m01:21:04[22m   [34mΓö£ΓöÇ[39m [2m/2022/06/petro-francia-y-la-esperanza/index.html[22m [2m(+8ms)[22m 
[2m01:21:04[22m   [34mΓö£ΓöÇ[39m [2m/2022/06/el-otro-derecho-n-51/index.html[22m [2m(+11ms)[22m 
[2m01:21:04[22m   [34mΓö£ΓöÇ[39m [2m/2022/06/el-otro-derecho-n-50/index.html[22m [2m(+8ms)[22m 
[2m01:21:04[22m   [34mΓö£ΓöÇ[39m [2m/2022/06/el-otro-derecho-n-49/index.html[22m [2m(+6ms)[22m 
[2m01:21:04[22m   [34mΓö£ΓöÇ[39m [2m/2022/06/el-otro-derecho-n-48/index.html[22m [2m(+8ms)[22m 
[2m01:21:04[22m   [34mΓö£ΓöÇ[39m [2m/2022/06/el-otro-derecho-n-47/index.html[22m [2m(+6ms)[22m 
[2m01:21:04[22m   [34mΓö£ΓöÇ[39m [2m/2022/06/el-otro-derecho-n-46/index.html[22m [2m(+6ms)[22m 
[2m01:21:04[22m   [34mΓö£ΓöÇ[39m [2m/2022/06/el-otro-derecho-n-45/index.html[22m [2m(+7ms)[22m 
[2m01:21:04[22m   [34mΓö£ΓöÇ[39m [2m/2022/06/repudiamos-amenazas-contra-mujeres-lideresas-y-defensoras-exigimos-garantias-a-la-labor-de-defensa-de-los-derechos-humanos/index.html[22m [2m(+7ms)[22m 
[2m01:21:04[22m   [34mΓö£ΓöÇ[39m [2m/2022/06/o-discurso-que-nao-fiz/index.html[22m [2m(+6ms)[22m 
[2m01:21:04[22m   [34mΓö£ΓöÇ[39m [2m/2022/05/por-um-punhado-de-ouro/index.html[22m [2m(+7ms)[22m 
[2m01:21:04[22m   [34mΓö£ΓöÇ[39m [2m/2022/04/el-otro-derecho-n-44/index.html[22m [2m(+10ms)[22m 
[2m01:21:04[22m   [34mΓö£ΓöÇ[39m [2m/2022/04/el-otro-derecho-n-43/index.html[22m [2m(+6ms)[22m 
[2m01:21:04[22m   [34mΓö£ΓöÇ[39m [2m/2022/04/el-otro-derecho-n-42/index.html[22m [2m(+6ms)[22m 
[2m01:21:04[22m   [34mΓö£ΓöÇ[39m [2m/2022/04/el-otro-derecho-n-41/index.html[22m [2m(+7ms)[22m 
[2m01:21:04[22m   [34mΓö£ΓöÇ[39m [2m/2022/04/el-otro-derecho-n-40/index.html[22m [2m(+9ms)[22m 
[2m01:21:04[22m   [34mΓö£ΓöÇ[39m [2m/2022/04/la-inconveniente-complejidad/index.html[22m [2m(+9ms)[22m 
[2m01:21:04[22m   [34mΓö£ΓöÇ[39m [2m/2022/04/el-otro-derecho-n-39/index.html[22m [2m(+8ms)[22m 
[2m01:21:04[22m   [34mΓö£ΓöÇ[39m [2m/2022/03/el-derecho-humano-al-agua/index.html[22m [2m(+7ms)[22m 
[2m01:21:04[22m   [34mΓö£ΓöÇ[39m [2m/2022/03/los-silencios-de-ucrania-a-boric/index.html[22m [2m(+7ms)[22m 
[2m01:21:04[22m   [34mΓö£ΓöÇ[39m [2m/2022/03/jep-extiende-entrega-informe-de-victimas/index.html[22m [2m(+5ms)[22m 
[2m01:21:04[22m   [34mΓö£ΓöÇ[39m [2m/2022/02/como-hemos-llegado-hasta-aqui/index.html[22m [2m(+15ms)[22m 
[2m01:21:04[22m   [34mΓö£ΓöÇ[39m [2m/2022/02/diez-tesis-para-reinventar-las-izquierdas/index.html[22m [2m(+8ms)[22m 
[2m01:21:04[22m   [34mΓö£ΓöÇ[39m [2m/2022/02/el-otro-derecho-n-38/index.html[22m [2m(+7ms)[22m 
[2m01:21:04[22m   [34mΓö£ΓöÇ[39m [2m/2022/02/el-otro-derecho-n-37/index.html[22m [2m(+6ms)[22m 
[2m01:21:04[22m   [34mΓö£ΓöÇ[39m [2m/2022/02/el-otro-derecho-n-36/index.html[22m [2m(+9ms)[22m 
[2m01:21:04[22m   [34mΓö£ΓöÇ[39m [2m/2022/02/el-otro-derecho-n-35/index.html[22m [2m(+9ms)[22m 
[2m01:21:04[22m   [34mΓö£ΓöÇ[39m [2m/2022/02/el-otro-derecho-n-34/index.html[22m [2m(+15ms)[22m 
[2m01:21:04[22m   [34mΓö£ΓöÇ[39m [2m/2022/02/el-otro-derecho-n-33/index.html[22m [2m(+8ms)[22m 
[2m01:21:04[22m   [34mΓö£ΓöÇ[39m [2m/2022/01/el-otro-derecho-n-31-32/index.html[22m [2m(+8ms)[22m 
[2m01:21:04[22m   [34mΓö£ΓöÇ[39m [2m/2022/01/el-otro-derecho-n-30/index.html[22m [2m(+7ms)[22m 
[2m01:21:04[22m   [34mΓö£ΓöÇ[39m [2m/2022/01/el-otro-derecho-n-29/index.html[22m [2m(+12ms)[22m 
[2m01:21:04[22m   [34mΓö£ΓöÇ[39m [2m/2022/01/el-otro-derecho-n-28/index.html[22m [2m(+9ms)[22m 
[2m01:21:04[22m   [34mΓö£ΓöÇ[39m [2m/2022/01/el-otro-derecho-n-26-27/index.html[22m [2m(+7ms)[22m 
[2m01:21:04[22m   [34mΓö£ΓöÇ[39m [2m/2022/01/el-otro-derecho-n-25/index.html[22m [2m(+13ms)[22m 
[2m01:21:04[22m   [34mΓö£ΓöÇ[39m [2m/2022/01/el-otro-derecho-n-24/index.html[22m [2m(+7ms)[22m 
[2m01:21:04[22m   [34mΓö£ΓöÇ[39m [2m/2022/01/el-otro-derecho-n-23/index.html[22m [2m(+9ms)[22m 
[2m01:21:04[22m   [34mΓö£ΓöÇ[39m [2m/2022/01/el-otro-derecho-n-22/index.html[22m [2m(+7ms)[22m 
[2m01:21:04[22m   [34mΓö£ΓöÇ[39m [2m/2022/01/el-otro-derecho-n-21/index.html[22m [2m(+9ms)[22m 
[2m01:21:04[22m   [34mΓö£ΓöÇ[39m [2m/2022/01/el-otro-derecho-n-20/index.html[22m [2m(+7ms)[22m 
[2m01:21:04[22m   [34mΓö£ΓöÇ[39m [2m/2022/01/el-otro-derecho-n-19/index.html[22m [2m(+7ms)[22m 
[2m01:21:04[22m   [34mΓö£ΓöÇ[39m [2m/2022/01/el-otro-derecho-n-18/index.html[22m [2m(+10ms)[22m 
[2m01:21:04[22m   [34mΓö£ΓöÇ[39m [2m/2022/01/el-otro-derecho-n-17/index.html[22m [2m(+8ms)[22m 
[2m01:21:04[22m   [34mΓö£ΓöÇ[39m [2m/2022/01/el-otro-derecho-n-16/index.html[22m [2m(+6ms)[22m 
[2m01:21:04[22m   [34mΓö£ΓöÇ[39m [2m/2022/01/el-otro-derecho-n-15/index.html[22m [2m(+8ms)[22m 
[2m01:21:04[22m   [34mΓö£ΓöÇ[39m [2m/2022/01/el-otro-derecho-n-14/index.html[22m [2m(+7ms)[22m 
[2m01:21:04[22m   [34mΓö£ΓöÇ[39m [2m/2022/01/el-otro-derecho-n-13/index.html[22m [2m(+7ms)[22m 
[2m01:21:04[22m   [34mΓö£ΓöÇ[39m [2m/2022/01/el-otro-derecho-n-12/index.html[22m [2m(+7ms)[22m 
[2m01:21:04[22m   [34mΓö£ΓöÇ[39m [2m/2022/01/el-otro-derecho-n-11/index.html[22m [2m(+7ms)[22m 
[2m01:21:04[22m   [34mΓö£ΓöÇ[39m [2m/2022/01/el-otro-derecho-n-10/index.html[22m [2m(+8ms)[22m 
[2m01:21:04[22m   [34mΓö£ΓöÇ[39m [2m/2022/01/el-otro-derecho-n-9/index.html[22m [2m(+7ms)[22m 
[2m01:21:04[22m   [34mΓö£ΓöÇ[39m [2m/2022/01/el-otro-derecho-n-8/index.html[22m [2m(+9ms)[22m 
[2m01:21:04[22m   [34mΓö£ΓöÇ[39m [2m/2022/01/el-otro-derecho-n-7/index.html[22m [2m(+6ms)[22m 
[2m01:21:04[22m   [34mΓö£ΓöÇ[39m [2m/2022/01/el-otro-derecho-n-6/index.html[22m [2m(+6ms)[22m 
[2m01:21:04[22m   [34mΓö£ΓöÇ[39m [2m/2022/01/el-otro-derecho-n-5/index.html[22m [2m(+6ms)[22m 
[2m01:21:04[22m   [34mΓö£ΓöÇ[39m [2m/2022/01/el-otro-derecho-n-4/index.html[22m [2m(+6ms)[22m 
[2m01:21:04[22m   [34mΓö£ΓöÇ[39m [2m/2022/01/el-otro-derecho-n-3/index.html[22m [2m(+8ms)[22m 
[2m01:21:04[22m   [34mΓö£ΓöÇ[39m [2m/2022/01/el-otro-derecho-n-2/index.html[22m [2m(+7ms)[22m 
[2m01:21:04[22m   [34mΓö£ΓöÇ[39m [2m/2022/01/el-otro-derecho-n-1/index.html[22m [2m(+7ms)[22m 
[2m01:21:04[22m   [34mΓö£ΓöÇ[39m [2m/2021/11/colonialismo-y-epistemologia-de-la-ignorancia-una-leccion-afgana/index.html[22m [2m(+7ms)[22m 
[2m01:21:04[22m   [34mΓö£ΓöÇ[39m [2m/2021/08/el-dificil-parto-de-la-renovacion-politica-el-caso-de-peru/index.html[22m [2m(+7ms)[22m 
[2m01:21:04[22m   [34mΓö£ΓöÇ[39m [2m/2021/08/la-ocupacion-colonial-de-palestina-por-israel-la-solucion-final-sin-fin/index.html[22m [2m(+10ms)[22m 
[2m01:21:04[22m   [34mΓö£ΓöÇ[39m [2m/2021/08/el-fin-del-confinamiento-del-dios-cartesiano/index.html[22m [2m(+6ms)[22m 
[2m01:21:04[22m   [34mΓö£ΓöÇ[39m [2m/2021/08/a-cloroquina-e-seu-fetiche/index.html[22m [2m(+8ms)[22m 
[2m01:21:04[22m   [34mΓö£ΓöÇ[39m [2m/2021/08/marco-temporal-marca-do-atraso/index.html[22m [2m(+9ms)[22m 
[2m01:21:04[22m   [34mΓö£ΓöÇ[39m [2m/2021/08/la-nueva-guerra-fria/index.html[22m [2m(+7ms)[22m 
[2m01:21:04[22m   [34mΓö£ΓöÇ[39m [2m/2021/07/colectivo-la-comadre-entrega-informe-a-la-jep/index.html[22m [2m(+7ms)[22m 
[2m01:21:05[22m   [34mΓö£ΓöÇ[39m [2m/2021/07/bienvenidos-al-feliz-mundo-pandemico-violencia-guerra-fria-y-vacunas/index.html[22m [2m(+6ms)[22m 
[2m01:21:05[22m   [34mΓö£ΓöÇ[39m [2m/2021/07/cidh-culmina-visita-de-trabajo-a-colombia-y-presenta-sus-observaciones-y-recomendaciones/index.html[22m [2m(+7ms)[22m 
[2m01:21:05[22m   [34mΓö£ΓöÇ[39m [2m/2021/07/30-anos-despues-de-la-septima-papeleta/index.html[22m [2m(+6ms)[22m 
[2m01:21:05[22m   [34mΓö£ΓöÇ[39m [2m/2021/06/quince-tesis-sobre-el-partido-movimiento/index.html[22m [2m(+8ms)[22m 
[2m01:21:05[22m   [34mΓö£ΓöÇ[39m [2m/2021/06/as-portas-abertas-no-chile/index.html[22m [2m(+10ms)[22m 
[2m01:21:05[22m   [34mΓö£ΓöÇ[39m [2m/2021/06/la-asistencia-militar-un-estado-de-excepcion-oculto-en-la-ley-e-inconstitucional/index.html[22m [2m(+6ms)[22m 
[2m01:21:05[22m   [34mΓö£ΓöÇ[39m [2m/2021/05/de-la-participacion-a-la-pertenencia/index.html[22m [2m(+7ms)[22m 
[2m01:21:05[22m   [34mΓö£ΓöÇ[39m [2m/2021/05/la-cidh-solicita-anuencia-a-visita-de-trabajo-en-colombia-tras-presuntas-violaciones-de-derechos-humanos-en-el-contexto-de-las-protestas-sociales/index.html[22m [2m(+7ms)[22m 
[2m01:21:05[22m   [34mΓö£ΓöÇ[39m [2m/2021/05/la-politica-del-color-el-racismo-y-el-colorismo/index.html[22m [2m(+7ms)[22m 
[2m01:21:05[22m   [34mΓö£ΓöÇ[39m [2m/2021/05/primavera-en-la-pandemia-2021/index.html[22m [2m(+8ms)[22m 
[2m01:21:05[22m   [34mΓö£ΓöÇ[39m [2m/2021/05/colombia-en-llamas-el-fin-del-neoliberalismo-sera-violento/index.html[22m [2m(+11ms)[22m 
[2m01:21:05[22m   [34mΓö£ΓöÇ[39m [2m/2021/05/evento-colombia-sin-censura-la-voz-de-sus-protagonistas/index.html[22m [2m(+6ms)[22m 
[2m01:21:05[22m   [34mΓö£ΓöÇ[39m [2m/2021/05/comunicado-denunciando-represion-manifestaciones/index.html[22m [2m(+7ms)[22m 
[2m01:21:05[22m   [34mΓö£ΓöÇ[39m [2m/2021/05/comunicado-frenar-la-militarizacion-de-la-protesta-social/index.html[22m [2m(+8ms)[22m 
[2m01:21:05[22m   [34mΓö£ΓöÇ[39m [2m/2021/05/la-protesta-social-no-puede-ser-silenciada-con-violencia-estatal/index.html[22m [2m(+11ms)[22m 
[2m01:21:05[22m   [34mΓö£ΓöÇ[39m [2m/2021/04/covid-19-el-dia-a-dia-y-la-seguridad-juridica/index.html[22m [2m(+8ms)[22m 
[2m01:21:05[22m   [34mΓö£ΓöÇ[39m [2m/2021/04/los-neuroderechos/index.html[22m [2m(+7ms)[22m 
[2m01:21:05[22m   [34mΓö£ΓöÇ[39m [2m/2021/04/fuerza-legitima-o-legitimable/index.html[22m [2m(+8ms)[22m 
[2m01:21:05[22m   [34mΓö£ΓöÇ[39m [2m/2021/04/la-construccion-exterior-del-estado-moderno/index.html[22m [2m(+9ms)[22m 
[2m01:21:05[22m   [34mΓö£ΓöÇ[39m [2m/2021/04/guaido-o-maduro-una-lectura-desde-el-derecho-internacional/index.html[22m [2m(+10ms)[22m 
[2m01:21:05[22m   [34mΓö£ΓöÇ[39m [2m/2021/04/el-estado-su-imagen-y-sus-practicas/index.html[22m [2m(+8ms)[22m 
[2m01:21:05[22m   [34mΓö£ΓöÇ[39m [2m/2021/04/el-estado-fallido-y-el-derecho-internacional-publico-2/index.html[22m [2m(+7ms)[22m 
[2m01:21:05[22m   [34mΓö£ΓöÇ[39m [2m/2021/04/complicando-al-sujeto-de-derecho-de-la-neurociencia-y-otros-demonios/index.html[22m [2m(+7ms)[22m 
[2m01:21:05[22m   [34mΓö£ΓöÇ[39m [2m/2021/04/miedo-al-estado-o-estado-contra-el-miedo/index.html[22m [2m(+6ms)[22m 
[2m01:21:05[22m   [34mΓö£ΓöÇ[39m [2m/2021/04/la-construccion-ilegal-del-estado-moderno/index.html[22m [2m(+10ms)[22m 
[2m01:21:05[22m   [34mΓö£ΓöÇ[39m [2m/2021/04/el-estado-moderno-como-construccion-permanente-e-incompleta/index.html[22m [2m(+6ms)[22m 
[2m01:21:05[22m   [34mΓö£ΓöÇ[39m [2m/2021/04/el-estado-fallido-y-el-derecho-internacional-publico/index.html[22m [2m(+6ms)[22m 
[2m01:21:05[22m   [34mΓö£ΓöÇ[39m [2m/2021/04/cataluna-y-el-derecho-internacional-camino-a-la-independencia/index.html[22m [2m(+6ms)[22m 
[2m01:21:05[22m   [34mΓö£ΓöÇ[39m [2m/2021/04/y-entonces-el-estado-somos-todos/index.html[22m [2m(+5ms)[22m 
[2m01:21:05[22m   [34mΓö£ΓöÇ[39m [2m/2021/04/la-voz-del-pueblo-de-dios-divina-o-ninguna-de-las-anteriores-3/index.html[22m [2m(+7ms)[22m 
[2m01:21:05[22m   [34mΓö£ΓöÇ[39m [2m/2021/04/trumpada-al-derecho-internacional-publico/index.html[22m [2m(+6ms)[22m 
[2m01:21:05[22m   [34mΓö£ΓöÇ[39m [2m/2021/04/subjetividad-juridica-de-individuos-a-orangutanes/index.html[22m [2m(+7ms)[22m 
[2m01:21:05[22m   [34mΓö£ΓöÇ[39m [2m/2021/04/el-monopolio-de-la-fuerza-y-los-acuerdos-de-la-habana/index.html[22m [2m(+6ms)[22m 
[2m01:21:05[22m   [34mΓö£ΓöÇ[39m [2m/2021/04/pero-donde-esta-el-estado/index.html[22m [2m(+5ms)[22m 
[2m01:21:05[22m   [34mΓö£ΓöÇ[39m [2m/2021/04/constitucionalismo-global-y-el-caso-colombiano/index.html[22m [2m(+11ms)[22m 
[2m01:21:05[22m   [34mΓö£ΓöÇ[39m [2m/2021/04/el-derecho-y-la-legitimidad/index.html[22m [2m(+7ms)[22m 
[2m01:21:05[22m   [34mΓö£ΓöÇ[39m [2m/2021/04/el-derecho-y-la-fuerza-sobre-el-acuerdo-de-justicia-en-la-habana/index.html[22m [2m(+6ms)[22m 
[2m01:21:05[22m   [34mΓö£ΓöÇ[39m [2m/2021/04/cataluna-y-el-estado-moderno/index.html[22m [2m(+8ms)[22m 
[2m01:21:05[22m   [34mΓö£ΓöÇ[39m [2m/2021/04/el-principio-de-no-intervencion-donde-estamos/index.html[22m [2m(+6ms)[22m 
[2m01:21:05[22m   [34mΓö£ΓöÇ[39m [2m/2021/04/el-derecho-moderno-y-las-reglas-informales/index.html[22m [2m(+6ms)[22m 
[2m01:21:05[22m   [34mΓö£ΓöÇ[39m [2m/2021/04/el-fmi-y-la-soberania-del-pueblo-griego/index.html[22m [2m(+6ms)[22m 
[2m01:21:05[22m   [34mΓö£ΓöÇ[39m [2m/2021/04/la-comision-internacional-contra-la-impunidad-en-guatemala/index.html[22m [2m(+6ms)[22m 
[2m01:21:05[22m   [34mΓö£ΓöÇ[39m [2m/2021/04/que-esta-pasando-con-el-principio-de-no-amenaza-y-uso-de-la-fuerza/index.html[22m [2m(+6ms)[22m 
[2m01:21:05[22m   [34mΓö£ΓöÇ[39m [2m/2021/04/como-se-esta-regulando-la-globalizacion-economica-2/index.html[22m [2m(+6ms)[22m 
[2m01:21:05[22m   [34mΓö£ΓöÇ[39m [2m/2021/04/como-se-esta-regulando-la-globalizacion-economica/index.html[22m [2m(+9ms)[22m 
[2m01:21:05[22m   [34mΓö£ΓöÇ[39m [2m/2021/04/ee-uu-venezuela-y-el-principio-de-no-intervencion/index.html[22m [2m(+8ms)[22m 
[2m01:21:05[22m   [34mΓö£ΓöÇ[39m [2m/2021/04/es-posible-hablar-de-un-estado-islamico/index.html[22m [2m(+7ms)[22m 
[2m01:21:05[22m   [34mΓö£ΓöÇ[39m [2m/2021/04/comunicado-rechazo-asesinato-sandra-pena-consorcio-vamos-por-la-paz/index.html[22m [2m(+6ms)[22m 
[2m01:21:05[22m   [34mΓö£ΓöÇ[39m [2m/2021/04/comunicacion-al-fau/index.html[22m [2m(+6ms)[22m 
[2m01:21:05[22m   [34mΓö£ΓöÇ[39m [2m/2021/04/efectos-de-la-reanudacion-de-la-aspersion-aerea-sobre-la-legitimidad-del-programa-nacional-de-sustitucion-de-cultivos-ilicitos-pnis-en-colombia/index.html[22m [2m(+7ms)[22m 
[2m01:21:05[22m   [34mΓö£ΓöÇ[39m [2m/2021/04/brasil-ser-ou-nao-ser-uma-democracia-eis-a-questao/index.html[22m [2m(+6ms)[22m 
[2m01:21:05[22m   [34mΓö£ΓöÇ[39m [2m/2021/04/a-bolsa-ou-a-vida/index.html[22m [2m(+7ms)[22m 
[2m01:21:05[22m   [34mΓö£ΓöÇ[39m [2m/2021/04/la-vacuna-es-un-bien-publico-mundial/index.html[22m [2m(+7ms)[22m 
[2m01:21:05[22m   [34mΓö£ΓöÇ[39m [2m/2021/04/contribuciones-para-el-rechazo-a-la-fumigacion-aerea-de-cultivos-de-coca/index.html[22m [2m(+11ms)[22m 
[2m01:21:05[22m   [34mΓö£ΓöÇ[39m [2m/2021/03/aspersiones-aereas/index.html[22m [2m(+10ms)[22m 
[2m01:21:05[22m   [34mΓö£ΓöÇ[39m [2m/2021/03/carta-abierta-a-dos-jovenes-indigenas-ecuatorianos/index.html[22m [2m(+6ms)[22m 
[2m01:21:05[22m   [34mΓö£ΓöÇ[39m [2m/2021/03/criterios-da-indianidade-como-exterminar-os-povos/index.html[22m [2m(+21ms)[22m 
[2m01:21:05[22m   [34mΓö£ΓöÇ[39m [2m/2021/03/racismo-natureza-mulheres/index.html[22m [2m(+21ms)[22m 
[2m01:21:05[22m   [34mΓö£ΓöÇ[39m [2m/2021/03/a-roupa-do-advogado/index.html[22m [2m(+10ms)[22m 
[2m01:21:05[22m   [34mΓö£ΓöÇ[39m [2m/2021/03/pouca-saude-e-muita-mentira-os-males-do-brasil-sao/index.html[22m [2m(+8ms)[22m 
[2m01:21:05[22m   [34mΓö£ΓöÇ[39m [2m/2021/03/a-conquista-da-liberdade/index.html[22m [2m(+9ms)[22m 
[2m01:21:05[22m   [34mΓö£ΓöÇ[39m [2m/2021/03/a-advogada-popular/index.html[22m [2m(+6ms)[22m 
[2m01:21:05[22m   [34mΓö£ΓöÇ[39m [2m/2021/03/a-demarcacao-de-terras-indigenas/index.html[22m [2m(+6ms)[22m 
[2m01:21:05[22m   [34mΓö£ΓöÇ[39m [2m/2021/03/haiti-e-a-filosofia-ou-vergonha-da-escravidao/index.html[22m [2m(+8ms)[22m 
[2m01:21:05[22m   [34mΓö£ΓöÇ[39m [2m/2021/03/tatarrey/index.html[22m [2m(+11ms)[22m 
[2m01:21:05[22m   [34mΓö£ΓöÇ[39m [2m/2021/03/8-de-marzo/index.html[22m [2m(+6ms)[22m 
[2m01:21:05[22m   [34mΓö£ΓöÇ[39m [2m/2021/03/pelotao-de-fuzilamento/index.html[22m [2m(+9ms)[22m 
[2m01:21:05[22m   [34mΓö£ΓöÇ[39m [2m/2021/03/programa-nacional-integral-de-sustitucion-de-cultivos-de-uso-ilicito-balance-rediseno-y-desafios/index.html[22m [2m(+8ms)[22m 
[2m01:21:05[22m   [34mΓö£ΓöÇ[39m [2m/2021/02/lo-antisistema/index.html[22m [2m(+8ms)[22m 
[2m01:21:05[22m   [34mΓö£ΓöÇ[39m [2m/2021/02/requiem-por-la-democracia/index.html[22m [2m(+6ms)[22m 
[2m01:21:05[22m   [34mΓö£ΓöÇ[39m [2m/2021/02/virus-todo-lo-solido-se-desvanece-en-el-aire/index.html[22m [2m(+8ms)[22m 
[2m01:21:05[22m   [34mΓö£ΓöÇ[39m [2m/2021/02/una-salida-para-brasil/index.html[22m [2m(+6ms)[22m 
[2m01:21:05[22m   [34mΓö£ΓöÇ[39m [2m/2021/02/soplan-vientos-favorables-desde-espana/index.html[22m [2m(+7ms)[22m 
[2m01:21:05[22m   [34mΓö£ΓöÇ[39m [2m/2021/02/para-que-el-futuro-comience/index.html[22m [2m(+8ms)[22m 
[2m01:21:05[22m   [34mΓö£ΓöÇ[39m [2m/2021/02/las-estatuas-de-nuestro-malestar/index.html[22m [2m(+12ms)[22m 
[2m01:21:05[22m   [34mΓö£ΓöÇ[39m [2m/2021/02/la-universidad-pospandemica/index.html[22m [2m(+7ms)[22m 
[2m01:21:05[22m   [34mΓö£ΓöÇ[39m [2m/2021/02/el-desenvejecimiento-del-mundo/index.html[22m [2m(+7ms)[22m 
[2m01:21:05[22m   [34mΓö£ΓöÇ[39m [2m/2021/02/al-sur-de-la-cuarentena/index.html[22m [2m(+6ms)[22m 
[2m01:21:05[22m   [34mΓö£ΓöÇ[39m [2m/2021/02/para-una-nueva-declaracion-universal-de-los-derechos-humanos-i/index.html[22m [2m(+6ms)[22m 
[2m01:21:05[22m   [34mΓö£ΓöÇ[39m [2m/2021/02/derecho-y-liberacion-proximamente-en-librerias/index.html[22m [2m(+7ms)[22m 
[2m01:21:05[22m   [34mΓö£ΓöÇ[39m [2m/2020/12/conversatorio-en-que-va-la-sustitucion-tres-anos-de-implementacion-del-pnis/index.html[22m [2m(+7ms)[22m 
[2m01:21:05[22m   [34mΓö£ΓöÇ[39m [2m/2020/12/fascismo-2-0-curso-intensivo-boaventura-de-sousa-santos/index.html[22m [2m(+6ms)[22m 
[2m01:21:05[22m   [34mΓö£ΓöÇ[39m [2m/2020/10/el-desgobierno-del-aprendiz-autoritarismo-guerra-y-pandemia/index.html[22m [2m(+7ms)[22m 
[2m01:21:05[22m   [34mΓö£ΓöÇ[39m [2m/2020/10/la-jep-la-fiscalia-y-duque-frente-al-crimen-de-alvaro-gomez-hurtado-freddy-ordonez-gomez/index.html[22m [2m(+5ms)[22m 
[2m01:21:05[22m   [34mΓö£ΓöÇ[39m [2m/2020/10/derechos-etnicos-y-desarrollo-portuario/index.html[22m [2m(+4ms)[22m 
[2m01:21:05[22m   [34mΓö£ΓöÇ[39m [2m/2020/10/implementacion-12-la-justicia-especial-para-la-paz-trabas-y-retos-de-un-pilar-disminuido-freddy-ordonez-gomez/index.html[22m [2m(+15ms)[22m 
[2m01:21:05[22m   [34mΓö£ΓöÇ[39m [2m/2020/10/europa-estados-unidos-y-china-boaventura-de-sousa-santos/index.html[22m [2m(+8ms)[22m 
[2m01:21:05[22m   [34mΓö£ΓöÇ[39m [2m/2020/10/manifiesto-y-pacto-social-y-politico-de-las-mujeres-por-la-vida-y-por-el-cese-de-la-violencia-estatal-colombia-1o-de-octubre-2020/index.html[22m [2m(+7ms)[22m 
[2m01:21:05[22m   [34mΓö£ΓöÇ[39m [2m/2020/10/respuestas-a-la-crisis-covid-19-hacia-la-igualdad-de-las-mujeres-como-objetivo-prioritario-comite-de-america-latina-y-el-caribe-para-la-defensa-de-los-derechos-de-las-mujeres-cladem-mesa-d/index.html[22m [2m(+7ms)[22m 
[2m01:21:05[22m   [34mΓö£ΓöÇ[39m [2m/2020/10/lo-vernaculo-y-lo-utopico-boaventura-de-sousa-santos/index.html[22m [2m(+10ms)[22m 
[2m01:21:05[22m   [34mΓö£ΓöÇ[39m [2m/2020/09/la-derecha-y-el-siempre-deseado-blanco-de-la-educacion-boaventura-de-sousa-santos/index.html[22m [2m(+10ms)[22m 
[2m01:21:05[22m   [34mΓö£ΓöÇ[39m [2m/2020/09/la-consecucion-de-la-libertad-carlos-frederico-mares-de-souza-filho/index.html[22m [2m(+7ms)[22m 
[2m01:21:05[22m   [34mΓö£ΓöÇ[39m [2m/2020/09/los-neuroderechos-german-burgos-profesor-asociado-universidad-nacional-de-colombia-investigador-asociado-segun-colciencias/index.html[22m [2m(+9ms)[22m 
[2m01:21:05[22m   [34mΓö£ΓöÇ[39m [2m/2020/09/covid-19-el-dia-a-dia-y-la-seguridad-juridica-german-burgos-s-profesor-universidad-nacional-investigador-asociado-segun-colciencias/index.html[22m [2m(+9ms)[22m 
[2m01:21:05[22m   [34mΓö£ΓöÇ[39m [2m/2020/09/dos-anos-de-la-jurisdiccion-especial-para-la-paz-freddy-ordonez-gomez-investigador-de-ilsa/index.html[22m [2m(+7ms)[22m 
[2m01:21:05[22m   [34mΓö£ΓöÇ[39m [2m/2020/09/pueblos-indigenas-amazonicos-y-covid-19/index.html[22m [2m(+11ms)[22m 
[2m01:21:05[22m   [34mΓö£ΓöÇ[39m [2m/2020/09/reclamando-ando-1/index.html[22m [2m(+7ms)[22m 
[2m01:21:05[22m   [34mΓö£ΓöÇ[39m [2m/2020/07/en-memoria-del-maestro-oscar-correas-2/index.html[22m [2m(+8ms)[22m 
[2m01:21:05[22m   [34mΓö£ΓöÇ[39m [2m/2020/07/vivereando-ando/index.html[22m [2m(+7ms)[22m 
[2m01:21:05[22m   [34mΓö£ΓöÇ[39m [2m/2020/03/dos-anos-de-la-jurisdiccion-especial-para-la-paz/index.html[22m [2m(+16ms)[22m 
[2m01:21:05[22m   [34mΓö£ΓöÇ[39m [2m/2019/10/hello-world-3/index.html[22m [2m(+10ms)[22m 
[2m01:21:05[22m   [34mΓö£ΓöÇ[39m [2m/2019/09/la-importancia-de-la-educacion-juridica-popular/index.html[22m [2m(+8ms)[22m 
[2m01:21:05[22m   [34mΓö£ΓöÇ[39m [2m/2019/07/las-organizaciones-no-gubernamentales-y-la-formacion-legal-su-contribucion-a-los-estudios-sociojuridicos/index.html[22m [2m(+7ms)[22m 
[2m01:21:05[22m   [34mΓö£ΓöÇ[39m [2m/2019/04/los-almacenes-de-cadena-y-la-reparacion-de-las-victimas/index.html[22m [2m(+8ms)[22m 
[2m01:21:05[22m   [34mΓö£ΓöÇ[39m [2m/2019/02/independencia-y-acceso-a-la-justicia-en-clave-de-poblaciones-vulnerables/index.html[22m [2m(+6ms)[22m 
[2m01:21:05[22m   [34mΓö£ΓöÇ[39m [2m/2019/02/pisba-200-anos-informe-sobre-conflictos-socio-ambientales-del-paramo-y-su-delimitacion/index.html[22m [2m(+8ms)[22m 
[2m01:21:05[22m   [34mΓö£ΓöÇ[39m [2m/2019/02/como-avanza-la-proteccion-de-defensoras-y-defensores-de-derechos-humanos-en-colombia-por-maria-eugenia-ramirez-brizneda/index.html[22m [2m(+13ms)[22m 
[2m01:21:05[22m   [34mΓö£ΓöÇ[39m [2m/2019/02/tasco-hace-historia-primer-alcalde-revocado-en-colombia/index.html[22m [2m(+5ms)[22m 
[2m01:21:05[22m   [34mΓö£ΓöÇ[39m [2m/2018/11/la-declaracion-de-derechos-de-los-campesinos-y-otros-trabajadores-rurales/index.html[22m [2m(+9ms)[22m 
[2m01:21:05[22m   [34mΓö£ΓöÇ[39m [2m/2018/09/critica-y-ruptura-en-las-tendencias-recientes-de-los-derechos-ambientales/index.html[22m [2m(+8ms)[22m 
[2m01:21:05[22m   [34mΓö£ΓöÇ[39m [2m/2018/09/afectacion-directa-y-derecho-a-la-consulta-previa-las-comunidades-etnicas-y-las-licencias-ambientales/index.html[22m [2m(+8ms)[22m 
[2m01:21:05[22m   [34mΓö£ΓöÇ[39m [2m/2018/09/el-paramo-de-pisba/index.html[22m [2m(+8ms)[22m 
[2m01:21:05[22m   [34mΓö£ΓöÇ[39m [2m/2018/08/la-revocatoria-del-mandato-en-tasco/index.html[22m [2m(+8ms)[22m 
[2m01:21:05[22m   [34mΓö£ΓöÇ[39m [2m/2018/08/la-voz-del-pueblo-de-dios-divina-o-ninguna-de-las-anteriores-2/index.html[22m [2m(+7ms)[22m 
[2m01:21:05[22m   [34mΓö£ΓöÇ[39m [2m/2018/08/otra-sociologia-juridica-aportes-teoricos-desde-nuestra-america/index.html[22m [2m(+6ms)[22m 
[2m01:21:05[22m   [34mΓö£ΓöÇ[39m [2m/2018/08/corte-ideologia-y-proceso-de-paz-2/index.html[22m [2m(+10ms)[22m 
[2m01:21:05[22m   [34mΓö£ΓöÇ[39m [2m/2018/08/el-consejo-comunitario-de-puerto-giron-en-el-camino-al-reconocimiento-de-sus-derechos-2/index.html[22m [2m(+6ms)[22m 
[2m01:21:05[22m   [34mΓö£ΓöÇ[39m [2m/2018/08/la-asamblea-nacional-constituyente-de-venezuela/index.html[22m [2m(+5ms)[22m 
[2m01:21:05[22m   [34mΓö£ΓöÇ[39m [2m/2018/08/conflictos-socio-ambientales/index.html[22m [2m(+6ms)[22m 
[2m01:21:05[22m   [34mΓö£ΓöÇ[39m [2m/2018/08/los-presupuestos-participativos-para-la-paz-2/index.html[22m [2m(+5ms)[22m 
[2m01:21:05[22m   [34mΓö£ΓöÇ[39m [2m/2018/08/el-consejo-comunitario-de-puerto-giron-en-el-camino-al-reconocimiento-de-sus-derechos/index.html[22m [2m(+7ms)[22m 
[2m01:21:05[22m   [34mΓö£ΓöÇ[39m [2m/2018/08/critica-marxista-del-derecho-materiales-para-una-introduccion/index.html[22m [2m(+5ms)[22m 
[2m01:21:05[22m   [34mΓö£ΓöÇ[39m [2m/2018/08/derechos-humanos-en-colombia-en-cuarentena/index.html[22m [2m(+5ms)[22m 
[2m01:21:05[22m   [34mΓö£ΓöÇ[39m [2m/2018/08/nuevo-constitucionalismo-latinoamericano-procesos-constituyentes-y-movimientos-sociales/index.html[22m [2m(+8ms)[22m 
[2m01:21:05[22m   [34mΓö£ΓöÇ[39m [2m/2018/08/problemas-socio-ambientales-y-cambio-climatico/index.html[22m [2m(+8ms)[22m 
[2m01:21:05[22m   [34mΓö£ΓöÇ[39m [2m/2018/08/flujos-de-capital-derecho-hegemonico-y-justicia-global/index.html[22m [2m(+6ms)[22m 
[2m01:21:05[22m   [34mΓö£ΓöÇ[39m [2m/2018/08/tendencias-teoricas-y-analiticas-sobre-los-derechos-humanos/index.html[22m [2m(+9ms)[22m 
[2m01:21:06[22m   [34mΓö£ΓöÇ[39m [2m/2018/08/derechos-humanos-de-las-mujeres-y-justicia-de-genero/index.html[22m [2m(+6ms)[22m 
[2m01:21:06[22m   [34mΓö£ΓöÇ[39m [2m/2018/08/politicas-publicas-con-enfoques-de-genero-identitarios-e-interculturales/index.html[22m [2m(+5ms)[22m 
[2m01:21:06[22m   [34mΓö£ΓöÇ[39m [2m/2018/08/territorios-campesinos-y-soberania-alimentaria/index.html[22m [2m(+5ms)[22m 
[2m01:21:06[22m   [34mΓö£ΓöÇ[39m [2m/2018/08/megaproyectos-y-conflictos-socioterritoriales/index.html[22m [2m(+7ms)[22m 
[2m01:21:06[22m   [34mΓö£ΓöÇ[39m [2m/2018/08/justicia-territorial-y-reparaciones-colectivas/index.html[22m [2m(+6ms)[22m 
[2m01:21:06[22m   [34mΓö£ΓöÇ[39m [2m/2018/08/justicia-transicional-y-derechos-de-las-victimas/index.html[22m [2m(+10ms)[22m 
[2m01:21:06[22m   [34mΓö£ΓöÇ[39m [2m/2018/08/participacion-politica-y-social-democracia-e-instituciones-para-la-paz/index.html[22m [2m(+7ms)[22m 
[2m01:21:06[22m   [34mΓö£ΓöÇ[39m [2m/2018/08/globalizacion-y-derecho/index.html[22m [2m(+6ms)[22m 
[2m01:21:06[22m   [34mΓö£ΓöÇ[39m [2m/2018/08/produccion-del-territorio-y-nuevas-conflictividades/index.html[22m [2m(+4ms)[22m 
[2m01:21:06[22m   [34mΓö£ΓöÇ[39m [2m/2018/08/derechos-humanos-integrales-y-politicas-publicas/index.html[22m [2m(+6ms)[22m 
[2m01:21:06[22m   [34mΓö£ΓöÇ[39m [2m/2018/06/comunidades-etnicas-propiedad-y-desarrollo/index.html[22m [2m(+10ms)[22m 
[2m01:21:06[22m   [34mΓö£ΓöÇ[39m [2m/2018/06/las-bifurcaciones-del-orden/index.html[22m [2m(+6ms)[22m 
[2m01:21:06[22m   [34mΓö£ΓöÇ[39m [2m/2018/05/beyond-law/index.html[22m [2m(+7ms)[22m 
[2m01:21:06[22m   [34mΓö£ΓöÇ[39m [2m/2018/05/textos-de-aqui-y-ahora/index.html[22m [2m(+6ms)[22m 
[2m01:21:06[22m   [34mΓö£ΓöÇ[39m [2m/2018/05/en-clave-sur/index.html[22m [2m(+6ms)[22m 
[2m01:21:06[22m   [34mΓö£ΓöÇ[39m [2m/2018/05/utiles-para-conocer-y-actuar/index.html[22m [2m(+7ms)[22m 
[2m01:21:06[22m   [34mΓö£ΓöÇ[39m [2m/2018/05/cuadernos-tierra-y-justicia/index.html[22m [2m(+7ms)[22m 
[2m01:21:06[22m   [34mΓö£ΓöÇ[39m [2m/2018/05/coleccion-conflictos-socioterriculturales/index.html[22m [2m(+6ms)[22m 
[2m01:21:06[22m   [34mΓö£ΓöÇ[39m [2m/2018/05/serie-democracia-y-judicatura/index.html[22m [2m(+6ms)[22m 
[2m01:21:06[22m   [34mΓö£ΓöÇ[39m [2m/2018/05/boletin-impactos/index.html[22m [2m(+7ms)[22m 
[2m01:21:06[22m   [34mΓö£ΓöÇ[39m [2m/2018/05/experiencias-de-las-comunidades-en-defensa-del-territorio-y-contra-el-despojo/index.html[22m [2m(+9ms)[22m 
[2m01:21:06[22m   [34mΓö£ΓöÇ[39m [2m/2018/03/solucion-politica-posacuerdo-y-construccion-de-paz/index.html[22m [2m(+7ms)[22m 
[2m01:21:06[22m   [34mΓö£ΓöÇ[39m [2m/2017/10/la-corrupcion-como-tema-central-del-debate-politico-juridico-en-el-proceso-electoral/index.html[22m [2m(+7ms)[22m 
[2m01:21:06[22m   [34mΓö£ΓöÇ[39m [2m/2017/05/la-voz-del-pueblo/index.html[22m [2m(+7ms)[22m 
[2m01:21:06[22m   [34mΓö£ΓöÇ[39m [2m/2016/11/linea-de-base-para-establecer-las-capacidades-de-incidencia/index.html[22m [2m(+6ms)[22m 
[2m01:21:06[22m   [34mΓö£ΓöÇ[39m [2m/2016/10/plebiscito-abstencion-y-sistema-democratico/index.html[22m [2m(+7ms)[22m 
[2m01:21:06[22m   [34mΓö£ΓöÇ[39m [2m/2016/07/constitucion-politica-y-campesinado-a-proposito-de-los-25-anos-de-la-carta-de-1991/index.html[22m [2m(+10ms)[22m 
[2m01:21:06[22m   [34mΓö£ΓöÇ[39m [2m/2016/06/la-soberania-alimentaria-un-derecho-que-nace-del-pueblo-2/index.html[22m [2m(+7ms)[22m 
[2m01:21:06[22m   [34mΓö£ΓöÇ[39m [2m/2016/04/los-supermercados-y-el-derecho-a-la-alimentacion/index.html[22m [2m(+8ms)[22m 
[2m01:21:06[22m   [34mΓö£ΓöÇ[39m [2m/2015/10/historia-movimiento-derechos-humanos-america-latina-2/index.html[22m [2m(+8ms)[22m 
[2m01:21:06[22m   [34mΓö£ΓöÇ[39m [2m/2015/08/los-estudiantes-como-victimas-de-las-auc-en-justicia-y-paz/index.html[22m [2m(+12ms)[22m 
[2m01:21:06[22m   [34mΓö£ΓöÇ[39m [2m/2015/05/pnd-2014-2018-un-nuevo-pais-para-todos-excepto-para-los-campesinos-ii/index.html[22m [2m(+8ms)[22m 
[2m01:21:06[22m   [34mΓö£ΓöÇ[39m [2m/2015/04/la-critica-juridica-en-nuestra-america/index.html[22m [2m(+10ms)[22m 
[2m01:21:06[22m   [34mΓö£ΓöÇ[39m [2m/2015/02/definiendo-el-territorio-y-el-desarrollo-local-desde-el-ministerio-de-minas/index.html[22m [2m(+8ms)[22m 
[2m01:21:06[22m   [34mΓö£ΓöÇ[39m [2m/2015/01/desigualdades-que-se-profundizan-con-los-creditos-condonables-ser-pilo-paga/index.html[22m [2m(+9ms)[22m 
[2m01:21:06[22m   [34mΓö£ΓöÇ[39m [2m/2011/09/perspectivas-culturales-clima/index.html[22m [2m(+7ms)[22m 
[2m01:21:06[22m   [34mΓö£ΓöÇ[39m [2m/2009/01/sociologia-juridica-critica-para-un-nuevo-sentido-comun-en-el-derecho-2/index.html[22m [2m(+6ms)[22m 
[2m01:21:06[22m   [34mΓö£ΓöÇ[39m [2m/2005/01/el-milentario-huerfano/index.html[22m [2m(+6ms)[22m 
[2m01:21:06[22m   [34mΓö£ΓöÇ[39m [2m/2002/01/la-internacionalizacion-de-las-luchas-por-el-poder/index.html[22m [2m(+6ms)[22m 
[2m01:21:06[22m   [34mΓö£ΓöÇ[39m [2m/1998/09/ilsa-20-anos-servicios-legales-alternativos/index.html[22m [2m(+7ms)[22m 
[2m01:21:06[22m   [34mΓö£ΓöÇ[39m [2m/1988/08/seminario-derechos-humanos-servicios-legales-colombia-1988/index.html[22m [2m(+10ms)[22m 
[2m01:21:06[22m   [34mΓö£ΓöÇ[39m [2m/1985/07/servicios-legales-alternativos-america-latina/index.html[22m [2m(+44ms)[22m 
[2m01:21:06[22m   [34mΓö£ΓöÇ[39m [2m/1985/03/primera-conferencia-sobre-organizacion-y-prestacion-de-servicios-legales/index.html[22m [2m(+6ms)[22m 
[2m01:21:06[22m   [34mΓööΓöÇ[39m [2m/1985/01/la-cronica-del-villarrica/index.html[22m [2m(+7ms)[22m 
[2m01:21:06[22m [32mΓ£ô Completed in 5.07s.
[39m
[42m[30m generating optimized images [39m[49m
pnpm : node:internal/de
ps/undici/undici:14902
At line:1 char:40
+ ... tion -Path 
"d:\.dev\ilsa-web"; 
pnpm run build > 
build_output.log 2>&1
+                      
              ~~~~~~~~~
~~~~~~~~~~~~~~~~~~~~~~~
~~~~~~
    + CategoryInfo     
         : 
NotSpecified:     
(node:internal/deps/   
 undici/undici:14902:  
  String) [], RemoteEx 
   ception
    + 
FullyQualifiedErro    
rId : NativeCommandE   
 rror
 
      Error.captureStac
kTrace(err);
            ^

TypeError: fetch failed
    at node:internal/de
ps/undici/undici:14902:
13
    at processTicksAndR
ejections (node:interna
l/process/task_queues:1
05:5)
    at runNextTicks (no
de:internal/process/tas
k_queues:69:3)
    at process.processI
mmediate (node:internal
/timers:453:9)
    at async 
loadRemoteImage (file:/
//D:/.dev/ilsa-web/node
_modules/astro/dist/ass
ets/build/remote.js:4:1
5)
    at async loadImage 
(file:///D:/.dev/ilsa-w
eb/node_modules/astro/d
ist/assets/build/genera
te.js:239:12)
    at async 
generateImageInternal (
file:///D:/.dev/ilsa-we
b/node_modules/astro/di
st/assets/build/generat
e.js:157:23)
    at async 
generateImage (file:///
D:/.dev/ilsa-web/node_m
odules/astro/dist/asset
s/build/generate.js:69:
28)
    at async 
generateImagesForPath (
file:///D:/.dev/ilsa-we
b/node_modules/astro/di
st/assets/build/generat
e.js:53:5)
    at async file:///D:
/.dev/ilsa-web/node_mod
ules/p-queue/dist/index
.js:230:36 {
  [cause]: 
ConnectTimeoutError: 
Connect Timeout Error 
(attempted addresses: 
104.21.21.59:443, 
172.67.196.195:443, 
timeout: 10000ms)
      at 
onConnectTimeout (node:
internal/deps/undici/un
dici:2718:28)
      at 
Immediate._onImmediate 
(node:internal/deps/und
ici/undici:2684:35)
      at process.proces
sImmediate (node:intern
al/timers:485:21) {
    code: 'UND_ERR_CONN
ECT_TIMEOUT',
    [Symbol(undici.erro
r.UND_ERR)]: true,
    [Symbol(undici.erro
r.UND_ERR_CONNECT_TIMEO
UT)]: true
  }
}

Node.js v22.22.0
ΓÇëELIFECYCLEΓÇë Command failed with exit code 1.
